2026-09-24 06:55:34 pgo_experiment start, out=/home/max/projects/corintho-ai/bench/results/pgo-2026-09-24, pkg 62C
2026-09-24 06:55:34 start build
2026-09-24 06:56:13 done build
2026-09-24 06:56:13 start train
2026-09-24 06:57:41 train: 10 .gcda files, engine_seconds=17.2106 wall_seconds=87.6751 
2026-09-24 06:57:41 done train
2026-09-24 06:57:41 start pgo
2026-09-24 06:58:23 done pgo
2026-09-24 06:58:23 start gates
2026-09-24 06:58:34 gate base seed 1 2147e3071a27cc4d 8532 MATCH
2026-09-24 06:58:44 gate pgo seed 1 2147e3071a27cc4d 8532 MATCH
2026-09-24 06:58:53 gate engine seed 1 2147e3071a27cc4d 8532 MATCH
2026-09-24 06:59:02 gate frac seed 1 2147e3071a27cc4d 8532 MATCH
2026-09-24 06:59:11 gate base seed 2 a988f67a0c984be7 8533 MATCH
2026-09-24 06:59:21 gate pgo seed 2 a988f67a0c984be7 8533 MATCH
2026-09-24 06:59:31 gate engine seed 2 a988f67a0c984be7 8533 MATCH
2026-09-24 06:59:40 gate frac seed 2 a988f67a0c984be7 8533 MATCH
2026-09-24 06:59:49 gate base seed 3 dcb1745df12a1ba0 8390 MATCH
2026-09-24 06:59:58 gate pgo seed 3 dcb1745df12a1ba0 8390 MATCH
2026-09-24 07:00:08 gate engine seed 3 dcb1745df12a1ba0 8390 MATCH
2026-09-24 07:00:17 gate frac seed 3 dcb1745df12a1ba0 8390 MATCH
2026-09-24 07:00:32 cooldown waited 15s, now 62C
2026-09-24 07:00:41 gate base seed 4 e0db31d1d69b6456 8493 MATCH
2026-09-24 07:00:51 gate pgo seed 4 e0db31d1d69b6456 8493 MATCH
2026-09-24 07:01:00 gate engine seed 4 e0db31d1d69b6456 8493 MATCH
2026-09-24 07:01:09 gate frac seed 4 e0db31d1d69b6456 8493 MATCH
2026-09-24 07:01:09 done gates
2026-09-24 07:01:09 start mt
2026-09-24 07:01:39 mt pgo seed 3001: 7.3821 29.8227 28291 0.0002
2026-09-24 07:02:09 mt engine seed 3001: 7.1139 29.2980 28291 0.0002
2026-09-24 07:02:37 mt frac seed 3001: 7.3245 28.6016 28291 0.0002
2026-09-24 07:03:07 mt base seed 3001: 7.1443 29.5433 28291 0.0002
2026-09-24 07:03:37 mt engine seed 3002: 7.2154 30.0527 28308 0.0002
2026-09-24 07:04:06 mt frac seed 3002: 7.3013 28.6255 28308 0.0002
2026-09-24 07:04:36 mt base seed 3002: 7.2398 30.1281 28308 0.0002
2026-09-24 07:05:06 mt pgo seed 3002: 7.4332 30.3609 28308 0.0002
2026-09-24 07:05:36 mt frac seed 3003: 7.4699 29.1945 28537 0.0002
2026-09-24 07:06:06 mt base seed 3003: 7.3099 30.2749 28537 0.0002
2026-09-24 07:06:37 mt pgo seed 3003: 7.5918 30.9198 28537 0.0002
2026-09-24 07:07:08 mt engine seed 3003: 7.3672 30.4403 28537 0.0002
2026-09-24 07:07:38 mt base seed 3004: 7.4103 30.8061 28665 0.0002
2026-09-24 07:08:10 mt pgo seed 3004: 7.6175 31.0987 28665 0.0002
2026-09-24 07:08:40 mt engine seed 3004: 7.3280 30.5031 28665 0.0002
2026-09-24 07:09:09 mt frac seed 3004: 7.3770 29.0007 28665 0.0002
2026-09-24 07:09:40 mt pgo seed 3005: 7.4446 30.5754 28279 0.0002
2026-09-24 07:10:10 mt engine seed 3005: 7.1784 29.7681 28279 0.0002
2026-09-24 07:10:39 mt frac seed 3005: 7.3307 28.9688 28279 0.0002
2026-09-24 07:11:09 mt base seed 3005: 7.1722 29.9867 28279 0.0002
2026-09-24 07:11:39 mt engine seed 3006: 7.3008 30.3943 28610 0.0002
2026-09-24 07:12:08 mt frac seed 3006: 7.3754 28.9089 28610 0.0002
2026-09-24 07:12:39 mt base seed 3006: 7.2873 30.4013 28610 0.0002
2026-09-24 07:13:10 mt pgo seed 3006: 7.5351 30.8769 28610 0.0002
2026-09-24 07:13:40 mt frac seed 3007: 7.5627 29.6675 28857 0.0002
2026-09-24 07:14:10 mt base seed 3007: 7.3576 30.6640 28857 0.0002
2026-09-24 07:14:42 mt pgo seed 3007: 7.7653 31.6788 28857 0.0002
2026-09-24 07:15:13 mt engine seed 3007: 7.3978 30.9311 28857 0.0002
2026-09-24 07:15:44 mt base seed 3008: 7.3318 30.5345 28438 0.0002
2026-09-24 07:16:15 mt pgo seed 3008: 7.4976 30.8885 28438 0.0002
2026-09-24 07:16:45 mt engine seed 3008: 7.3170 30.5646 28438 0.0002
2026-09-24 07:17:14 mt frac seed 3008: 7.4017 29.1397 28438 0.0002
2026-09-24 07:17:45 mt pgo seed 3009: 7.4849 30.6376 28051 0.0002
2026-09-24 07:18:16 mt engine seed 3009: 7.3644 30.6857 28051 0.0002
2026-09-24 07:18:45 mt frac seed 3009: 7.3717 28.9992 28051 0.0002
2026-09-24 07:19:15 mt base seed 3009: 7.1770 30.0972 28051 0.0002
2026-09-24 07:19:46 mt engine seed 3010: 7.4115 31.0557 28431 0.0003
2026-09-24 07:20:16 mt frac seed 3010: 7.4010 29.2206 28431 0.0002
2026-09-24 07:20:46 mt base seed 3010: 7.3272 30.5831 28431 0.0002
2026-09-24 07:21:17 mt pgo seed 3010: 7.5291 31.0685 28431 0.0002
2026-09-24 07:21:47 mt frac seed 3011: 7.4192 29.3163 28274 0.0002
2026-09-24 07:22:17 mt base seed 3011: 7.2243 30.2389 28274 0.0002
2026-09-24 07:22:48 mt pgo seed 3011: 7.4991 30.7630 28274 0.0002
2026-09-24 07:23:18 mt engine seed 3011: 7.2122 30.2288 28274 0.0002
2026-09-24 07:23:49 mt base seed 3012: 7.2939 30.4378 28448 0.0002
2026-09-24 07:24:04 cooldown waited 15s, now 66C
2026-09-24 07:24:34 mt pgo seed 3012: 7.4665 30.4866 28448 0.0002
2026-09-24 07:25:04 mt engine seed 3012: 7.2635 30.1195 28448 0.0002
2026-09-24 07:25:34 mt frac seed 3012: 7.3764 29.0060 28448 0.0002
2026-09-24 07:26:04 mt pgo seed 3013: 7.5149 30.6561 28567 0.0002
2026-09-24 07:26:35 mt engine seed 3013: 7.3190 30.4569 28567 0.0002
2026-09-24 07:27:04 mt frac seed 3013: 7.4259 29.2997 28567 0.0002
2026-09-24 07:27:35 mt base seed 3013: 7.3071 30.3469 28567 0.0002
2026-09-24 07:28:05 mt engine seed 3014: 7.2697 30.3099 28327 0.0002
2026-09-24 07:28:34 mt frac seed 3014: 7.3856 28.9690 28327 0.0002
2026-09-24 07:29:04 mt base seed 3014: 7.2921 30.2536 28327 0.0002
2026-09-24 07:29:35 mt pgo seed 3014: 7.4897 30.8273 28327 0.0002
2026-09-24 07:30:04 mt frac seed 3015: 7.4216 29.0802 28525 0.0002
2026-09-24 07:30:37 mt base seed 3015: 7.7981 32.3561 28525 0.0002
2026-09-24 07:30:52 cooldown waited 15s, now 68C
2026-09-24 07:31:24 mt pgo seed 3015: 7.9550 32.5381 28525 0.0002
2026-09-24 07:31:57 mt engine seed 3015: 7.7051 32.0719 28525 0.0002
2026-09-24 07:32:28 mt base seed 3016: 7.5860 31.7344 28409 0.0002
2026-09-24 07:33:00 mt pgo seed 3016: 7.7520 31.9369 28409 0.0002
2026-09-24 07:33:31 mt engine seed 3016: 7.3688 30.9578 28409 0.0002
2026-09-24 07:34:01 mt frac seed 3016: 7.5364 29.8686 28409 0.0002
2026-09-24 07:34:01 done mt
2026-09-24 07:34:01 start st
2026-09-24 07:34:06 st pgo seed 4001: 3.6443 4.6264 3622 NA
2026-09-24 07:34:11 st engine seed 4001: 3.5381 4.5256 3622 NA
2026-09-24 07:34:15 st frac seed 4001: 3.5536 4.5370 3622 NA
2026-09-24 07:34:19 st base seed 4001: 3.1917 4.1623 3622 NA
2026-09-24 07:34:24 st engine seed 4002: 3.5234 4.5081 3601 NA
2026-09-24 07:34:28 st frac seed 4002: 3.5552 4.5353 3601 NA
2026-09-24 07:34:33 st base seed 4002: 3.1723 4.1441 3601 NA
2026-09-24 07:34:37 st pgo seed 4002: 3.6798 4.6481 3601 NA
2026-09-24 07:34:42 st frac seed 4003: 3.4286 4.3590 3478 NA
2026-09-24 07:34:46 st base seed 4003: 3.0056 3.9304 3478 NA
2026-09-24 07:34:50 st pgo seed 4003: 3.4236 4.3532 3478 NA
2026-09-24 07:34:54 st engine seed 4003: 3.3351 4.2718 3478 NA
2026-09-24 07:34:58 st base seed 4004: 3.0497 3.9753 3511 NA
2026-09-24 07:35:03 st pgo seed 4004: 3.4830 4.4195 3511 NA
2026-09-24 07:35:07 st engine seed 4004: 3.3955 4.3378 3511 NA
2026-09-24 07:35:11 st frac seed 4004: 3.3988 4.3370 3511 NA
2026-09-24 07:35:16 st pgo seed 4005: 3.6772 4.6625 3714 NA
2026-09-24 07:35:21 st engine seed 4005: 3.5838 4.5736 3714 NA
2026-09-24 07:35:25 st frac seed 4005: 3.5901 4.5737 3714 NA
2026-09-24 07:35:30 st base seed 4005: 3.2025 4.1548 3714 NA
2026-09-24 07:35:34 st engine seed 4006: 3.4765 4.4421 3613 NA
2026-09-24 07:35:39 st frac seed 4006: 3.6022 4.5495 3613 NA
2026-09-24 07:35:43 st base seed 4006: 3.0990 4.0230 3613 NA
2026-09-24 07:35:47 st pgo seed 4006: 3.5457 4.5020 3613 NA
2026-09-24 07:35:52 st frac seed 4007: 3.4511 4.4028 3604 NA
2026-09-24 07:35:56 st base seed 4007: 3.0170 3.9318 3604 NA
2026-09-24 07:36:00 st pgo seed 4007: 3.5035 4.4426 3604 NA
2026-09-24 07:36:04 st engine seed 4007: 3.3991 4.3438 3604 NA
2026-09-24 07:36:08 st base seed 4008: 2.9206 3.8084 3525 NA
2026-09-24 07:36:13 st pgo seed 4008: 3.3942 4.3010 3525 NA
2026-09-24 07:36:17 st engine seed 4008: 3.2991 4.2128 3525 NA
2026-09-24 07:36:21 st frac seed 4008: 3.3410 4.2500 3525 NA
2026-09-24 07:36:25 st pgo seed 4009: 3.3980 4.3069 3558 NA
2026-09-24 07:36:30 st engine seed 4009: 3.3118 4.2227 3558 NA
2026-09-24 07:36:34 st frac seed 4009: 3.3164 4.2228 3558 NA
2026-09-24 07:36:38 st base seed 4009: 2.9606 3.8529 3558 NA
2026-09-24 07:36:42 st engine seed 4010: 3.6147 4.5657 3752 NA
2026-09-24 07:36:47 st frac seed 4010: 3.4885 4.4377 3752 NA
2026-09-24 07:36:51 st base seed 4010: 3.0938 4.0334 3752 NA
2026-09-24 07:36:55 st pgo seed 4010: 3.5638 4.5089 3752 NA
2026-09-24 07:37:00 st frac seed 4011: 3.3498 4.2599 3579 NA
2026-09-24 07:37:04 st base seed 4011: 2.9665 3.8672 3579 NA
2026-09-24 07:37:08 st pgo seed 4011: 3.4116 4.3187 3579 NA
2026-09-24 07:37:12 st engine seed 4011: 3.3161 4.2272 3579 NA
2026-09-24 07:37:16 st base seed 4012: 2.9240 3.8248 3587 NA
2026-09-24 07:37:20 st pgo seed 4012: 3.3847 4.2923 3587 NA
2026-09-24 07:37:25 st engine seed 4012: 3.2769 4.1902 3587 NA
2026-09-24 07:37:29 st frac seed 4012: 3.2941 4.2028 3587 NA
2026-09-24 07:37:33 st pgo seed 4013: 3.4672 4.3941 3663 NA
2026-09-24 07:37:38 st engine seed 4013: 3.3827 4.3146 3663 NA
2026-09-24 07:37:42 st frac seed 4013: 3.6298 4.5589 3663 NA
2026-09-24 07:37:46 st base seed 4013: 3.0354 3.9588 3663 NA
2026-09-24 07:37:50 st engine seed 4014: 3.2742 4.1842 3583 NA
2026-09-24 07:37:55 st frac seed 4014: 3.2876 4.1941 3583 NA
2026-09-24 07:37:58 st base seed 4014: 2.9555 3.8562 3583 NA
2026-09-24 07:38:03 st pgo seed 4014: 3.3548 4.2575 3583 NA
2026-09-24 07:38:07 st frac seed 4015: 3.4175 4.3540 3676 NA
2026-09-24 07:38:11 st base seed 4015: 3.0833 4.0151 3676 NA
2026-09-24 07:38:16 st pgo seed 4015: 3.4855 4.4178 3676 NA
2026-09-24 07:38:20 st engine seed 4015: 3.4235 4.3635 3676 NA
2026-09-24 07:38:24 st base seed 4016: 2.7748 3.6279 3421 NA
2026-09-24 07:38:28 st pgo seed 4016: 3.1663 4.0206 3421 NA
2026-09-24 07:38:32 st engine seed 4016: 3.0880 3.9478 3421 NA
2026-09-24 07:38:36 st frac seed 4016: 3.0870 3.9435 3421 NA
2026-09-24 07:38:36 done st
2026-09-24 07:38:36 start analyze
2026-09-24 07:38:36 done analyze
2026-09-24 07:38:36 pgo_experiment finished
