# callgrind format
version: 1
creator: callgrind-3.22.0
pid: 801880
cmd:  /home/max/projects/corintho-ai/bench/results/long-profile-2026-09-23/bin/selfplay_nn - /home/max/projects/corintho-ai/bench/results/long-profile-2026-09-23/model.mlp 48 1600 16 1 901
part: 10


desc: I1 cache: 65536 B, 64 B, 8-way associative
desc: D1 cache: 32768 B, 64 B, 8-way associative
desc: LL cache: 25165824 B, 64 B, 12-way associative

desc: Timerange: Basic block 6692196598 - 7203258095
desc: Trigger: Program termination

positions: line
events: Ir Dr Dw I1mr D1mr D1mw ILmr DLmr DLmw Bc Bcm Bi Bim
summary: 561372449 119801094 42344857 18 3612350 1640612 18 92491 66138 56689446 5878816 71305 546


ob=(9) /usr/lib/x86_64-linux-gnu/libstdc++.so.6.0.33
fl=(222) ???
fn=(2076) operator new(unsigned long)
0 55 0 15
cob=(4) ???
cfi=(178) ???
cfn=(1534) 0x0000000004ca7210
calls=5 0 
0 1772 379 254 0 105 16 0 5 4 341 80 5 5
0 25 15 0 0 0 0 0 0 0 5

fn=(2224) operator delete(void*, unsigned long)
0 10
cob=(4)
cfi=(178)
cfn=(2226) 0x0000000004ca7430
calls=187 0 
0 989 299 167 0 95 11 0 0 0 158 17 10 5

fn=(2230) operator delete(void*)
0 74
cob=(4)
cfi=(178)
cfn=(2232) 0x0000000004ca7c60
calls=904 0 
0 6450 1904 1150 0 506 35 0 0 0 1027 115 37

fn=(2286) operator delete[](void*)
0 64
cob=(4)
cfi=(178)
cfn=(2226)
calls=716 0 
0 5609 1642 983 0 443 24 0 0 0 869 98 64 27

ob=(1) /usr/lib/x86_64-linux-gnu/ld-linux-x86-64.so.2
fl=(1) ???
fn=(0) 0x000000000001f540
cob=(11) /home/max/projects/corintho-ai/bench/results/long-profile-2026-09-23/bin/selfplay_nn
cfi=(263) ???
cfn=(2022) (below main)
calls=0 0 
0 561372449 119801094 42344857 18 3612350 1640612 18 92491 66138 56689446 5878816 71305 546

ob=(4)
fl=(178)
fn=(2232)
0 74 37 0 0 32 0 0 0 0 0 0 37
cob=(2) /usr/lib/x86_64-linux-gnu/libc.so.6
cfi=(202) ./malloc/./malloc/malloc.c
cfn=(1948) free
calls=904 3359 
0 6376 1867 1150 0 474 35 0 0 0 1027 115

fn=(2822) 0x000000000010a680
0 64 32 0 0 31 0 0 0 0 0 0 32
cob=(9)
cfi=(222)
cfn=(2286)
calls=716 0 
0 5673 1642 983 0 443 24 0 0 0 869 98 64 27

fn=(2092) 0x000000000010a5c0
0 10 5 0 0 4 0 0 0 0 0 0 5
cob=(9)
cfi=(222)
cfn=(2076)
calls=5 0 
0 1852 394 269 0 105 16 0 5 4 346 80 5 5

fn=(2222) 0x000000000010a5d0
0 10 5 0 0 5 0 0 0 0 0 0 5
cob=(9)
cfi=(222)
cfn=(2224)
calls=187 0 
0 999 299 167 0 95 11 0 0 0 158 17 10 5

fn=(2226)
0 74 37 0 0 32 0 0 0 0 0 0 37 32
cob=(9)
cfi=(222)
cfn=(2230)
calls=904 0 
0 6524 1904 1150 0 506 35 0 0 0 1027 115 37

fn=(2610) 0x000000000010a810
0 49920 24960 0 0 7442 0 0 0 0 0 0 24960 5
cob=(8) /usr/lib/x86_64-linux-gnu/libgomp.so.1.0.0
cfi=(188) ???
cfn=(2612) GOMP_loop_ull_dynamic_next
calls=24960 0 
0 620880 199680 73840 0 23201 0 0 0 0 99840 6109

fn=(2078) 0x000000000010a590
0 90368 45184 0 0 4317 0 0 0 0 0 0 45184 504
cob=(2)
cfi=(243) ./string/../sysdeps/x86_64/multiarch/memmove-vec-unaligned-erms.S
cfn=(1900) __memcpy_avx_unaligned_erms
calls=45184 255 
0 562996 141401 95174 0 7390 28351 0 1091 5839 113289 1320

fn=(2452) 0x000000000010a6e0
cob=(8)
cfi=(188)
cfn=(2454) GOMP_parallel
calls=1039 0 
0 561372449 119801094 42344857 18 3612350 1640612 18 92491 66138 56689446 5878816 71305 546

fn=(1534)
0 10 5 0 0 5 0 0 2 0 0 0 5 5
cob=(2)
cfi=(202)
cfn=(704) malloc
calls=5 3294 
0 1762 374 254 0 100 16 0 3 4 341 80

fn=(2530) 0x000000000010a5e0
0 1040 520 0 0 0 0 0 0 0 0 0 520
cob=(8)
cfi=(188)
cfn=(2532) GOMP_loop_ull_dynamic_start
calls=520 0 
0 76960 21320 19240 0 0 520 0 0 0 9360 1541

fn=(2616) 0x000000000010a4f0
0 1040 520 0 0 498 0 0 0 0 0 0 520
cob=(8)
cfi=(188)
cfn=(2618) GOMP_loop_end_nowait
calls=1040 0 
0 20280 7800 4680 0 1014 1020 0 0 0 3120 547

ob=(8)
fl=(188)
fn=(2532)
0 21320 4680 6240 0 0 0 0 0 0 2080 629
cfn=(2534) 0x0000000000024750
calls=520 0 
0 29120 8840 8840 0 0 520 0 0 0 2600 123
0 26520 7800 4160 0 0 0 0 0 0 4680 789

fn=(2612)
0 620880 199680 73840 0 23201 0 0 0 0 99840 6109

fn=(2534)
0 16120 3640 4680 0 0 0 0 0 0 2080 123
cfn=(2504) 0x0000000000024680
calls=1039 0 
0 8840 2080 3640 0 0 520 0 0 0 520
0 4160 3120 520

fn=(2454)
cob=(11)
cfi=(298) /home/max/projects/corintho-ai/bench/../corintho_ai/cpp/src/trainer.cpp
cfn=(2528) Trainer::doIteration(float*, float*, int) [clone ._omp_fn.0]
calls=520 206 
0 561372449 119801094 42344857 18 3612350 1640612 18 92491 66138 56689446 5878816 71305 546

fn=(2504)
0 8840 2080 3640 0 0 520 0 0 0 520

fn=(2618)
0 20280 7800 4680 0 1014 1020 0 0 0 3120 547

ob=(11)
fl=(266) /home/max/projects/corintho-ai/bench/selfplay_nn.cpp
fn=(2060) main
fi=(298)
cob=(4)
cfi=(178)
cfn=(2452)
calls=520 0 
206 561372449 119801094 42344857 18 3612350 1640612 18 92491 66138 56689446 5878816 71305 546
fe=(266)

fl=(308) /home/max/projects/corintho-ai/bench/../corintho_ai/cpp/src/node.cpp
fn=(2734) Node::Node(Game const&, Node*, Node*, int, int)
38 288170 0 144085
+2 144085
fi=(309) /home/max/projects/corintho-ai/bench/../corintho_ai/cpp/src/game.cpp
307 144085
fe=(308)
40 144085
fi=(309)
305 144085
fe=(308)
38 1152680 0 720425
+2 144085 144085 0 0 38268 0 0 821
-2 432255 144085 144085 0 513
fi=(323) /home/max/projects/corintho-ai/bench/../gsl/include/gsl/util
+63 144085 0 144085 0 0 104067 0 0 7123
fi=(309)
297 144085
fe=(308)
40 432255 144085 288170
+2 144085
fi=(309)
305 144085
+2 144085 144085 0 0 9698
fe=(308)
42 288170 0 288170
fi=(309)
307 144085
+1 144085 144085
fe=(308)
42 288170 0 288170
fi=(323)
+59 144085 0 144085
fe=(308)
-59 288170 0 288170
fi=(309)
308 144085 0 0 0 0 0 0 0 0 144085 34515
+2 572160 228864
+1 114432
-1 114432
+1 114432 114432 228864 0 0 996
-1 114432 0 114432
+13 114432
fe=(308)
45 114432
fi=(309)
323 228864 114432 343296
+4 343296 0 114432
fe=(308)
45 114432 0 114432 0 0 3
cfi=(309)
cfn=(2592) Node::initializeEdges()
calls=114432 340 
* 75832816 6849268 6162390 0 196931 92902 0 9552 484 5605899 867493
fi=(309)
323 29653
fe=(308)
45 29653
fi=(309)
323 59306 29653 88959 0 0 355
+4 88959 0 29653
fe=(308)
45 29653 0 29653 0 0 1
cfi=(309)
cfn=(2592)
calls=29653 340 
* 19035739 1630455 1606890 0 42161 25619 0 2788 138 1351289 199811
+3 144085 144085
225 144085 144085
+1 576340 288170 0 0 0 0 0 0 0 144085 61431
+38 72454 72454
-1 144908 0 72454
+1 144908 0 72454 0 0 28 0 0 7
48 72454 0 72454
+1 217362 144908 0 0 0 0 0 0 0 72454 483
263 143262 0 71631
+1 143262 0 71631
48 71631 0 71631
+1 214893 143262 0 0 0 0 0 0 0 71631
+1 144085
-1 144085
+1 864510 864510
-1 144085
cfn=(2730) Node::syncStats()
calls=144085 269 
* 3395742 1420839 432255 0 0 36999 0 0 2446 328773 24281
fi=(309)
313 29653 29653
+6 29653
-6 29653
+6 59306
-1 59306
+2 29653
-10 29653 29653
+10 59306
fe=(308)
-84 71631
+6 71631 71631
-4 313131 0 0 0 0 0 0 0 0 71631 17810
fi=(304) /home/max/projects/corintho-ai/bench/../corintho_ai/cpp/include/arena.h
68 113246 56623 0 0 0 0 0 0 0 56623
fe=(308)
238 28570
fi=(304)
68 30016 15008 0 0 0 0 0 0 0 15008
fi=(320) /home/max/projects/corintho-ai/bench/../corintho_ai/cpp/include/node.h
191 71631
fi=(304)
90 71631
fi=(320)
192 71631
-1 71631 0 71631
+1 143262
fi=(304)
89 143262 0 0 0 0 0 0 0 0 71631 2321
+3 60032
-48 358155 71631 0 0 0 0 0 0 0 71631
+2 71631 71631 0 0 70386 0 0 1
fe=(308)
246 71631
fi=(304)
46 71631 0 71631
fe=(308)
246 71631 0 0 0 0 0 0 0 0 71631
+14 71631 0 71631
+3 71631 71631
fi=(323)
101 143262 0 71631
fe=(308)
239 30016 0 0 0 0 0 0 0 0 15008 6452
+1 20845 0 0 0 0 0 0 0 0 5392 850
+9 15008 15008
-1 15008 15008
fi=(321) /usr/include/x86_64-linux-gnu/bits/string_fortified.h
29 15008
fe=(308)
250 15008
fi=(321)
29 15008
fe=(308)
250 15008 0 15008
fi=(321)
29 30016 0 30016
cob=(4)
cfi=(178)
cfn=(2078)
calls=15008 -29 
* 207726 62201 31462 0 10088 7973 0 55 1851 32185 805 15008 501
fe=(308)
252 15008 15008
-1 15008 15008
+1 15008
fi=(321)
29 15008
fe=(308)
251 15008 15008
+1 30016 0 15008
-1 45024 0 15008
fi=(321)
29 15008
fe=(308)
252 15008 0 15008
-1 15008 0 15008
fi=(321)
29 30016 0 30016
cob=(4)
cfi=(178)
cfn=(2078)
calls=15008 -29 
* 215059 60032 30016 0 0 12199 0 0 2097 39632 346 15008
fe=(308)
254 15008 15008
fi=(321)
29 30016 15008
fe=(308)
253 15008 15008
+1 30016
-1 30016
fi=(321)
29 30016 0 30016
cob=(4)
cfi=(178)
cfn=(2078)
calls=15008 -29 
* 215059 60032 30016 0 0 6543 0 0 583 39632 8 15008
fe=(308)
257 15008 15008
fi=(321)
29 60032 45024
fe=(308)
256 15008
+1 15008
fi=(321)
29 92826 15008 0 0 0 0 0 0 0 38909
fi=(320)
192 45024
fi=(304)
68 30016 15008 0 0 0 0 0 0 0 15008 6058
+22 15008
-1 30016 0 0 0 0 0 0 0 0 15008
+3 21568
-30 21568 5392 5392
+1 10784 0 5392
-1 38464 9616 9616
+1 19232 0 9616
fi=(321)
-34 8676 1446 1446 0 0 309 0 0 98 723 329
fe=(308)
239 19232
fi=(321)
29 90657 28570 28570 0 0 6870 0 0 1415 9616
fe=(308)

fn=(2790) Node::~Node()
23 2304 0 1728
+1 576 576 0 0 7
-1 576
+1 1152 0 0 0 0 0 0 0 0 576 32
fi=(304)
+44 1088 544 0 0 33 0 0 0 0 544
fi=(320)
191 544 544 0 0 372 0 0 13
fe=(308)
25 544 544
fi=(320)
192 1632
fi=(304)
59 1088 0 0 0 0 0 0 0 0 544 158
+31 544
-1 1088 0 0 0 0 0 0 0 0 544 307
+3 1572
-30 1572 393 393 0 0 389 0 0 16
+1 393 0 393
fe=(308)
-37 1179 393 0 0 0 0 0 0 0 393
fi=(304)
+36 604 151 151 0 0 124 0 0 5
+1 151 0 151
fe=(308)
-37 453 151 0 0 0 0 0 0 0 151
fi=(304)
+42 1088 544 0 0 0 0 0 0 0 544
-6 1088 544 544 0 0 432 0 0 12
+1 544 0 544
fe=(308)
-35 1728 576 0 0 51 0 0 4 0 576 284
+1 2714 576 493 0 0 0 0 0 0 576 42
cfn=(2791) Node::~Node()'2
calls=493 -6 
* 9599718 3256261 1958331 0 487351 364037 0 64061 45804 1700917 201508
fi=(304)
+39 986 493 0 0 0 0 0 0 0 493 1
-6 986 493 493 0 0 258 0 0 21
+1 493 0 493
fe=(308)
-33 2304 2304 0 0 137

fn=(2791)
23 921172 0 690879 0 0 3590 0 0 2
+1 230293 230293 0 0 226456 0 0 29519
-1 230293
+1 460586 0 0 0 0 0 0 0 0 230293 29935
fi=(304)
+44 404372 202186 0 0 0 0 0 0 0 202186 2
fi=(320)
191 202186 202186 0 0 201657 0 0 28387
fe=(308)
25 202186 202186
fi=(320)
192 606558
fi=(304)
59 404372 0 0 0 0 0 0 0 0 202186 55843
+31 86840
-1 173680 0 0 0 0 0 0 0 0 86840 16760
+3 60000
-30 60000 15000 15000 0 0 14993 0 0 1539
+1 15000 0 15000
fe=(308)
-37 45000 15000 0 0 0 0 0 0 0 15000
fi=(304)
+36 287360 71840 71840 0 0 71633 0 0 8488
+1 71840 0 71840
fe=(308)
-37 215520 71840 0 0 0 0 0 0 0 71840
fi=(304)
+42 404372 202186 0 0 0 0 0 0 0 202186
-6 404372 202186 202186 0 0 201826 0 0 26018
+1 202186 0 202186
fe=(308)
-35 976799 230293 142960 0 52781 794 0 6155 0 230293 67592
cfn=(2791)
calls=142960 -5 
* 115440362 39487367 23403478 0 5970820 4325121 0 773633 530661 20517817 2407434
fi=(304)
+40 285920 142960 0 0 0 0 0 0 0 142960 584
-6 285920 142960 142960 0 0 44609 0 0 6262
+1 142960 0 142960
fe=(308)
-34 864559 230293 86840 0 3944 64 0 0 0 230293 30786
cfn=(2791)
calls=86840 -6 
* 28194298 9673011 5666308 0 1476947 1025576 0 184605 123718 5011542 625429
fi=(304)
+39 173680 86840 0 0 0 0 0 0 0 86840 6
-6 173680 86840 86840 0 0 26528 0 0 3495
+1 86840 0 86840
fe=(308)
-33 921172 921172 0 0 2513

fn=(2730)
269 9690525 3230175 0 0 29188 0 0 511 0 3230175 163739
+2 2783688 2783688 0 0 222556
+5 5567376 5567376
-3 8351064 5567376 0 0 222581
+1 2783688
+2 2783688 0 2783688 0 0 245919 0 0 484
-2 2783688
+3 11134752 2783688 2783688 0 0 106182 0 0 294
112 2783688 2783688
279 6168522 4962 0 0 0 0 0 0 0 3022394 94834
-1 4962
+1 4962
-1 4962 0 4962 0 0 135 0 0 5
+3 451449 451449
-2 2663754 2663754
-1 5327508 0 2663754 0 0 98317 0 0 1333
+3 2663754 2663754
-3 229944 0 114972 0 0 5306 0 0 330
+3 114972 114972

fl=(298)
fn=(2528)
206 5200 0 3120
fi=(280) /usr/include/c++/13/bits/stl_vector.h
993 520
fe=(298)
206 4680 2080 520
fi=(280)
993 1560 1040 520
fe=(298)
206 1040 520 520
fi=(280)
993 1560
fe=(298)
206 520 0 520
fi=(280)
992 2080 0 1560
cob=(4)
cfi=(178)
cfn=(2530)
calls=520 0 
* 78000 21840 19240 0 0 520 0 0 0 9360 1541 520
* 2600 1040 520 0 0 0 0 0 0 520
cob=(4)
cfi=(178)
cfn=(2616)
calls=520 0 
* 21320 8320 4680 0 1512 1020 0 0 0 3120 547 520
fe=(298)
206 80600 54600 24960 0 5537 0 0 0 0 520 12
cob=(4)
cfi=(178)
cfn=(2610)
calls=24960 0 
* 670800 224640 73840 0 30643 0 0 0 0 99840 6109 24960 5
* 199680 49920 0 0 0 0 0 0 0 49920 8518
+2 74880 49920 0 0 11194 0 0 0 0 24960 7726
fi=(280)
993 23478 15652 0 0 5081
fe=(298)
214 7826 7826
fi=(280)
993 23478
fi=(268) /usr/include/c++/13/bits/stl_algobase.h
262 15652 0 0 0 0 0 0 0 0 7826
fe=(298)
-46 7826 7826
-2 15652 0 0 0 0 0 0 0 0 7826
+5 7826 7826 0 0 5039
fi=(280)
1129 7826
fe=(298)
218 7826 7826
+1 15652
fi=(280)
1129 7826
fe=(298)
219 7826
-1 23478 7826
fi=(300) /home/max/projects/corintho-ai/bench/../corintho_ai/cpp/src/selfplayer.cpp
-95 39130 7826 7826 0 7288
cfi=(301) /home/max/projects/corintho-ai/bench/../corintho_ai/cpp/src/trainmc.cpp
cfn=(2556) TrainMC::doIteration(float*, float*)
calls=7826 +21 
* 545171270 115031263 39852780 0 3025814 1254227 0 24628 15953 54257404 5593867 44289 487
+2 15652 0 0 0 0 0 0 0 0 7826 11
+1 304 0 152
cfn=(2776) SelfPlayer::chooseMoveAndContinue()
calls=152 253 
* 14828481 4293271 2354067 18 520218 384822 18 67863 50185 2220172 260479 1016 54
fe=(298)
+95 304 0 0 0 0 0 0 0 0 152 6
+1 96 32 32 0 24 23

fl=(263)
fn=(2022)
cob=(2)
cfi=(264) ./csu/../csu/libc-start.c
cfn=(2024) __libc_start_main@@GLIBC_2.34
calls=0 242 
0 561372449 119801094 42344857 18 3612350 1640612 18 92491 66138 56689446 5878816 71305 546

fl=(300)
fn=(2780) SelfPlayer::chooseMove() [clone .part.0]
241 3264 272 1904 0 0 1
+5 1904 272 272 0 0 179
cfi=(301)
cfn=(2782) TrainMC::chooseMove(float*, float*)
calls=272 116 
* 5705479 1913044 1150096 0 285315 214789 0 27390 19671 1003507 119565
fi=(282) /usr/include/c++/13/bits/vector.tcc
114 544 544 0 0 139
fe=(300)
246 272
fi=(282)
114 1078 534 0 0 275 0 0 0 0 272 51
+5 8544 4005 4272 0 968 1386
fi=(326) /home/max/projects/corintho-ai/bench/../corintho_ai/cpp/include/selfplayer.h
-97 13617 6675 6942 0 139 3172 0 0 2649
fi=(282)
+97 534 0 267
fe=(300)
251 3264 2448 0 0 148 0 0 0 0 272 100
fi=(282)
445 5 5
fi=(280)
993 35 0 5
1898 15 0 0 1 0 0 1 0 0 5 2
fi=(268)
262 15 5 0 0 0 0 0 0 0 5
fi=(280)
1901 5
+1 10 0 0 0 0 0 0 0 0 5
381 10 0 0 0 0 0 0 0 0 5 4
fi=(283) /usr/include/c++/13/bits/stl_uninitialized.h
1104 15 5 0 1 0 0 1
fi=(281) /usr/include/c++/13/bits/new_allocator.h
191 10
fi=(283)
1104 5
fi=(281)
191 5 0 5
cob=(4)
cfi=(178)
cfn=(2078)
calls=5 0 
* 479 133 113 0 69 47 0 50 37 57 12 5 3
* 310
fi=(283)
1104 155
fi=(281)
191 155 0 155
cob=(4)
cfi=(178)
cfn=(2078)
calls=155 0 
* 15041 4187 3567 0 1550 1589 0 986 1271 1783 149 155
* 160
fi=(283)
1104 480 0 0 1 0 0 1 0 0 160 17
fi=(282)
483 65 10 0 1 5 0 1
fi=(280)
-94 15 5 0 0 0 0 0 0 0 5
fi=(282)
520 5
fi=(281)
172 10 0 5
fi=(282)
520 5
fi=(281)
172 5 0 5
cob=(4)
cfi=(178)
cfn=(2222)
calls=5 0 
* 1009 304 167 0 100 11 0 0 0 158 17 15 5
* 5 5
fi=(282)
521 5 0 5 0 0 5
+2 10 5 5
fe=(300)
248 5
fi=(281)
-97 15 0 10 1 0 0 1
cob=(4)
cfi=(178)
cfn=(2092)
calls=5 0 
* 1862 399 269 0 109 16 0 5 4 346 80 10 5
* 15 15 0 1 0 0 1
fi=(282)
523 5 5
fi=(281)
151 10 5
fi=(282)
520 5 5
-52 15 5 5
+55 25 10 10 1 0 0 1
fi=(281)
189 145 70 75 4 0 0 4
fi=(326)
22 125 55 70 3 0 25 3 0 20
fi=(283)
1104 5 5
fi=(326)
22 5 5
fi=(283)
1104 5 0 5 1 0 0 1
fi=(326)
22 5 5
fi=(283)
1104 5
fi=(326)
22 95 40 55 2 0 29 2 0 23
fi=(283)
1104 5 0 0 0 0 0 0 0 0 5
fi=(280)
1902 15 0 0 1 0 0 1
fi=(281)
151 10
fe=(300)

fn=(2776)
253 1824 152 1064
+5 152
fi=(277) /usr/include/c++/13/bits/unique_ptr.h
-59 152 152 0 0 77 0 0 4
fe=(300)
+60 304 0 0 0 0 0 0 0 0 152
fi=(277)
-60 120 120 0 0 18
fe=(300)
+60 240 0 0 0 0 0 0 0 0 120
+4 2462 1002 0 0 18 0 0 0 0 458 43
fi=(280)
993 128 64
fe=(300)
264 64 0 32
-22 544 272 0 0 16 0 0 0 0 272
fi=(277)
-43 272 272 0 0 37
fe=(300)
+68 544 0 0 0 0 0 0 0 0 272
+4 1632 816 0 0 190
fi=(308)
108 272
fe=(300)
271 544 0 0 0 0 0 0 0 0 272 22
+5 720 0 240
+2 1680 240 0 0 176 0 0 2 0 240
+8 480 480 0 0 199 0 0 8
fi=(301)
-97 480 0 0 0 0 0 0 0 0 240
-2 240
+1 480
+7 768 768 0 0 355 0 0 40
-6 3071 0 0 0 0 0 0 0 0 768 1
fi=(308)
81 767 767 0 0 764 0 0 84
fi=(301)
190 1534 0 0 0 0 0 0 0 0 767 217
fi=(308)
81 240 240 0 0 237 0 0 11
fi=(301)
190 480 0 0 0 0 0 0 0 0 240 157
506 478 0 0 0 0 0 0 0 0 239 4
+4 154 154
+1 154 154 0 0 66 0 0 5
fi=(308)
133 308 0 154
284 462 0 154
fi=(301)
517 462 0 308 0 0 110
cfi=(308)
cfn=(2790)
calls=154 23 
* 3511500 1191022 715902 0 179382 132742 0 33572 23816 622274 73433
fi=(308)
133 85
284 255 0 85
fi=(301)
517 255 0 170 0 0 29
cfi=(308)
cfn=(2790)
calls=85 23 
* 527699 178998 107453 0 26987 19917 0 3381 2365 93547 10905
fi=(304)
68 717 478 0 0 135 0 0 0 0 239
-6 478 239 239 0 0 170 0 0 12
fi=(301)
518 239
fi=(304)
63 239 0 239
fi=(301)
518 239
+2 239 0 239 0 0 147 0 0 3
fe=(300)
294 478
fi=(301)
518 239 0 239 0 0 29
fe=(300)
294 1195 239 239 0 134
cfi=(301)
cfn=(2556)
calls=239 144 
* 4975374 974398 353887 0 21042 9822 0 2313 308 489013 55208 735 14
-36 478 0 0 0 0 0 0 0 0 239 6
+39 120
+1 1672 1368 0 0 282 0 0 0 0 152 8
fi=(325) /home/max/projects/corintho-ai/bench/../corintho_ai/cpp/src/move.cpp
21 544 0 272
cfi=(300)
cfn=(2780)
calls=272 241 
* 5758921 1933082 1168284 18 288817 221249 18 28431 23675 1006585 119997 185 13
* 544
fi=(301)
199 4 0 3 0 0 1
cfi=(308)
cfn=(2790)
calls=1 23 
* 4233 1439 859 0 207 168 0 0 0 754 85
fi=(304)
68 4 3 0 0 1 0 0 0 0 1
-6 1 1
fi=(301)
202 1
fi=(308)
89 1
fi=(301)
202 1
fi=(304)
62 1 0 1 0 0 1
+1 1 0 1
fi=(301)
201 4 0 1
+1 1 0 1
cfn=(2806) TrainMC::createRoot(Game const&, int)
calls=1 +9 
* 682 79 64 0 6 0 0 0 0 53 13
+2 1 1
fi=(321)
29 1
fi=(301)
204 1 1
fi=(309)
+80 1
fi=(267) /usr/include/c++/13/bitset
506 1 1
fi=(309)
278 2
fi=(321)
29 6 2 1 0 1 1
fi=(309)
278 2
fi=(321)
29 3 1 1
fi=(309)
278 2
fi=(321)
29 3 1 1 0 1
fi=(309)
278 2
fi=(321)
29 3 1 1 0 0 1
fi=(309)
278 2
fi=(321)
29 3 1 1 0 1
fi=(309)
278 2
fi=(321)
29 3 1 1
fi=(309)
278 2
fi=(321)
29 3 1 1
fi=(309)
278 2
fi=(321)
29 3 1 1 0 0 1
fi=(309)
278 2
fi=(321)
29 3 1 1
fi=(309)
278 2
fi=(321)
29 3 1 1
fi=(309)
278 2
fi=(321)
29 3 1 1
fi=(309)
278 2
fi=(321)
29 3 1 1 0 0 1
fi=(309)
278 2
fi=(321)
29 3 1 1
fi=(309)
278 2
fi=(321)
29 2 0 1
fi=(309)
278 1
fi=(321)
29 4 2 1 0 1
fi=(309)
284 1 1 0 0 1
fi=(321)
29 1 0 1 0 0 1
fi=(309)
284 27 2
-1 1 0 1
+1 14 1
-1 1 0 1
+1 14 1
-1 1 0 1
+1 15 1
-1 1 0 1
+1 13 1
-1 1 0 1
+1 1 1
fi=(280)
1283 2 2
fi=(309)
284 2
-1 1 0 1
fi=(280)
1283 1 0 0 0 0 0 0 0 0 1
fi=(281)
191 1 1
fi=(280)
1288 1
fi=(281)
191 1 0 1 0 0 1
fi=(280)
1288 1 0 1
fi=(301)
207 3 0 1
fe=(300)
+82 1
fi=(301)
508 85 85 0 0 42
fi=(308)
137 85 0 85
+1 85
fe=(300)
+78 32
fi=(277)
-17 32 32
fe=(300)
+17 32 0 0 0 0 0 0 0 0 32 1
+3 62
+6 31
-6 31
+3 31 0 31
+3 31 0 0 0 0 0 0 0 0 31
fi=(301)
89 160 32 32 0 1 0 0 0 0 32
cfi=(308)
cfn=(2790)
calls=32 -66 
* 10963 3736 2222 0 498 367 0 2 1 1928 238
fi=(304)
-21 64 32 0 0 2 0 0 0 0 32 2
-6 64 32 32 0 0 9
+1 32 0 32
fi=(301)
+26 32 32 0 0 2
+1 64 0 32
-1 128 0 32 0 0 0 0 0 0 32
cfi=(308)
cfn=(2790)
calls=32 -66 
* 1278 459 238 0 38 24 0 10 5 221 30
fi=(304)
-21 64 32 0 0 0 0 0 0 0 32 9
-6 64 32 32 0 0 7
+1 32 0 32
fi=(277)
208 32 32 0 0 10
fi=(301)
90 32
fi=(277)
209 32 0 32
fi=(301)
90 32 0 32
fi=(277)
210 64 0 0 0 0 0 0 0 0 32
-70 32 0 32
cob=(4)
cfi=(178)
cfn=(2822)
calls=32 0 
* 5737 1674 983 0 474 24 0 0 0 869 98 96 27
+68 32 32
+1 32 0 32
+1 64 0 0 0 0 0 0 0 0 32 1
fe=(300)
+63 64
-48 1
-8 1 0 1
+8 1 0 0 0 0 0 0 0 0 1 1

fl=(309)
fn=(2592)
340 144086
fi=(308)
+28 144086 0 144086
fe=(309)
-26 144086
fi=(308)
+26 1296774 0 864516 0 0 177
fi=(267)
506 432258 144086 144086 0 0 2
fe=(309)
341 144086
fi=(267)
506 144086 144086
fe=(309)
340 144086
+21 144086
-21 144086
+21 144086
-20 144086
-1 144086
+1 432258
+1 432258
+1 144086
-1 144086
+1 432258
+17 288172
-17 144086
-3 144086
+1 576344
+1 576344
+1 432258
-2 288172
+2 144086
-2 288172
+1 576344
+1 432258
+1 144086
+21 144086
-21 144086
-1 144086
-3 144086
+4 1440860 0 288172
-3 432258
+28 144086
-1 144086 0 144086 0 0 1015
-27 576344 0 144086
+29 288172 0 144086
-28 864516 0 288172
+1 576344
+1 432258
+22 288172
-22 144086
+26 144086
-4 432258 0 144086
+4 720430 0 144086
59 144086
+2 144086 144086
+1 288172 0 0 0 0 0 0 0 0 144086 7088
-1 288172 288172
+1 576344 0 0 0 0 0 0 0 0 288172 121
-2 1584946 288172 0 0 0 0 0 0 0 432258 13933
+55 432258 288172
+3 864516 144086
+1 144086
-1 288172 0 144086
+3 144086 144086
-13 288172 144086
+9 144086
-1 288172 144086
+1 144086
-1 144086
-1 144086
+2 144086
+4 144086 144086
-4 144086 0 144086
-2 144086 0 144086
+6 576344 144086 0 0 0 0 0 0 0 144086 10628
+1 134650 0 134650
-1 720430 288172 0 0 0 0 0 0 0 144086 38300
+1 101957 0 101957
-1 720430 288172 0 0 0 0 0 0 0 144086 25164
+1 14680 0 14680
+7 14680
+3 14680
-1 14680
+4 14680
-3 14680
-3 14680
+2 14680
+1 14680
+3 14680
+7 14680 14680
-13 14680
+12 14680 14680
+11 14680
+1 14680
-11 14680
+10 14680
+1 14680
-12 14680
+8 14680
+4 14680
-12 14680
+9 14680
-1 14680
+1 14680
-1 14680
+1 14680
-1 14680
+2 14680
+4 14680
-4 14680
+4 14680
-4 14680
+3 14680
+2 14680
-2 14680
+2 14680
-5 14680
+3 14680
+6 14680
-7 14680
-13 14680 14680
+20 14680
-1 14680
-19 14680
+19 14680
+1 14680
+4 14680
-4 29360 0 14680
+4 14680 0 0 0 0 0 0 0 0 14680 5874
-35 129406
+3 129406
-1 129406
+4 129406
-3 129406
-3 129406
+2 129406
+1 129406
+3 129406
+7 129406 129406
-13 129406
+12 129406 129406
+11 129406
+1 129406
-11 129406
+10 129406
+1 129406
-12 129406
+8 129406
+4 129406
-12 129406
+9 129406
-1 129406
+1 129406
-1 129406
+1 129406
-1 129406
+2 129406
+4 129406
-4 129406
+4 129406
-4 129406
+3 129406
+2 129406
-2 129406
+2 129406
-5 129406
+3 129406
+6 129406
-7 129406
-13 129406 129406
+20 129406
-1 129406
-19 129406
+19 129406
+1 129406
+4 129406
-4 258812 0 129406
+4 129406 0 0 0 0 0 0 0 0 129406 43101
+3 102752
-2 102752
+2 359632
-3 102752 0 0 0 0 0 0 0 0 51376 13809
+1 18588
+2 65058
-3 69964 0 51376 0 0 0 0 0 0 9294 1687
+6 288172 0 0 0 0 0 0 0 0 144086 48709
+3 138582 46194
-2 92388
+2 323358
-3 92388 0 0 0 0 0 0 0 0 46194 17280
+1 15132
+2 52962
-3 15132 0 0 0 0 0 0 0 0 7566 1094
41 255418 0 46194 0 0 0 0 0 0 46194 19381
fi=(265) /home/max/projects/corintho-ai/bench/../corintho_ai/cpp/include/util.h
+89 58418 0 58418
-11 116836
fi=(324) /home/max/projects/corintho-ai/bench/../corintho_ai/cpp/include/game.h
-31 58418
fi=(265)
+42 58418
-12 233672 0 116836
+12 116836
fe=(309)
+55 58418 58418
-1 58418 58418
+1 292090
fi=(265)
-23 116836
fe=(309)
+23 116836 116836 0 0 29879
fi=(265)
-23 58418 58418 0 0 22266
+1 116836 0 0 0 0 0 0 0 0 58418 9915
fe=(309)
+22 35791 35791
-1 35791 35791
+1 178955
fi=(265)
-23 71582
fe=(309)
+23 71582 71582 0 0 17035
fi=(265)
-23 35791 35791 0 0 4804
+1 280391 0 139206 0 0 0 0 0 0 35791 14471
+1 69603
fi=(324)
-75 69603
fi=(265)
+75 69603
fe=(309)
+27 69603 69603 0 0 5562
fi=(324)
88 69603
+1 139206 0 0 0 0 0 0 0 0 69603 28441
fi=(265)
+75 100773
fi=(324)
-75 100773
fi=(265)
+75 100773
fe=(309)
+27 100773 100773 0 0 5446
fi=(324)
88 100773
+1 201546 0 0 0 0 0 0 0 0 100773 41671
+1 288489 0 0 0 0 0 0 0 0 96163 37741
+1 240480 60120
fi=(265)
+39 240480
+33 120240 0 0 0 0 0 0 0 0 60120 8926
-33 441024
+33 359718 139206 0 0 0 0 0 0 0 110256 27673
+4 139206 69603
+1 139206 0 0 0 0 0 0 0 0 69603 8345
-1 49212 24606
+1 49212 0 0 0 0 0 0 0 0 24606 618
-23 94209 0 94209
+1 94209
fe=(309)
+36 282627 94209 0 0 0 0 0 0 0 94209 32953
fi=(265)
-37 116836 116836
-3 58418
+3 116836 58418 58418
+1 58418
fi=(323)
-45 58418 58418
fi=(265)
+41 175254
fi=(308)
377 58418
fi=(323)
101 58418 0 58418
fi=(308)
373 99602 20592 20592 0 0 0 0 0 0 58418 16717
+20 1584946 1296774 0 0 0 0 0 0 0 144086 1402
fe=(309)
71 2553150
+2 425525
-2 2553150
+2 425525
-2 851050
+1 425525
+1 425525
-2 425525
+1 425525
-1 425525
+2 425525
-2 851050
+1 425525
+2 425525
-3 851050
+1 425525
+1 425525
-1 425525
-1 425525
+1 425525
-1 425525
+3 425525
-2 425525
+1 425525
-1 425525
+1 425525
+1 425525
-2 425525
+1 1276575
-1 425525
+1 851050
-1 425525
+1 851050
-1 425525 0 425525
+4 425525
-3 2127625 0 425525 0 0 389
+3 659197 0 0 0 0 0 0 0 0 425525 62159
+3 58418 58418
+1 116836 0 0 0 0 0 0 0 0 58418 22357
-1 175254 175254
+1 350508 0 0 0 0 0 0 0 0 175254 38633
+3 253564
-2 126782
+1 63391
+1 126782 63391 0 0 8842
+1 126782 0 0 0 0 0 0 0 0 63391
-3 30818
+1 15409
+1 30818 15409
+1 30818 0 0 0 0 0 0 0 0 15409
+1 157600
+2 78800
-2 157600 0 78800
-5 220991 0 0 0 0 0 0 0 0 78800 18397
+10 63391 63391
+1 126782 0 0 0 0 0 0 0 0 63391
-1 170281 170281
+1 340562 0 0 0 0 0 0 0 0 170281 1
+3 61636
-2 30818
+1 15409
+1 30818 15409
+1 30818 0 0 0 0 0 0 0 0 15409
+1 30818
+2 15409
-2 30818 0 15409
-5 46227 0 0 0 0 0 0 0 0 15409
-13 759434 0 0 0 0 0 0 0 0 233672 60518
fi=(323)
+23 26537 26537
fi=(265)
+41 132685 26537
fi=(323)
-41 26537 0 26537
fi=(304)
-33 246988 123494 0 0 0 0 0 0 0 123494
-24 370482 123494 0 0 0 0 0 0 0 123494 5033
+2 246988 123494 123494 0 116889
fi=(265)
163 123494 123494
fi=(308)
385 123494 123494
fi=(320)
169 246988 0 246988 0 0 116938 0 0 622
fi=(265)
-6 123494
fi=(308)
385 123494 0 123494
fi=(265)
163 123494 0 0 0 0 0 0 0 0 123494 36300
fi=(308)
386 171308
+4 171308
+1 85654
-1 342616 85654
fi=(265)
163 85654
fi=(308)
390 85654 0 85654
fi=(265)
163 85654 0 0 0 0 0 0 0 0 85654 32777
fi=(308)
390 204720
+1 102360
-1 409440 102360 0 0 145 0 0 71
fi=(265)
163 102360
fi=(308)
390 102360 0 102360
fi=(265)
163 102360 0 0 0 0 0 0 0 0 102360 40943
-1 85654 85654
fi=(308)
386 171308
+4 85654
+1 85654
-1 85654 0 85654
fi=(265)
163 171308 0 0 0 0 0 0 0 0 85654
fi=(308)
390 102360
+1 102360
-1 102360 0 102360
fi=(265)
163 376028 85654 0 0 0 0 0 0 0 102360 10873
+5 171308
-1 85654
+1 161334 0 0 0 0 0 0 0 0 85654 15087
-1 37840
+1 148309 0 0 0 0 0 0 0 0 37840
fi=(308)
390 110469
fi=(265)
169 110469
fi=(308)
391 110469
-1 110469 110469 0 0 477 0 0 221
fi=(265)
169 220938
fi=(308)
390 331407
fi=(265)
168 110469
fi=(308)
390 110469 0 110469
fi=(265)
168 110469 0 0 0 0 0 0 0 0 110469 21414
fi=(308)
390 863349
fi=(265)
169 863349
fi=(308)
391 863349
-1 863349 863349 0 0 27752 0 0 12048
fi=(265)
169 1726698
fi=(308)
390 2590047
fi=(265)
168 863349
fi=(308)
390 863349 0 863349
fi=(265)
168 973818 0 0 0 0 0 0 0 0 863349 103242
fi=(308)
390 110469
+1 110469
-1 110469 0 110469
fi=(265)
168 220938 0 0 0 0 0 0 0 0 110469 1074
fi=(308)
390 863349
+1 863349
-1 863349 0 863349
fi=(265)
168 1837167 0 0 0 0 0 0 0 0 863349 93083
fe=(309)
41 195784 0 0 0 0 0 0 0 0 97892 29883
fi=(265)
142 59131
fi=(323)
-41 59131 59131
fi=(265)
+41 236524 59131
fi=(323)
-41 59131 0 59131
fi=(308)
373 59131 0 0 0 0 0 0 0 0 59131 500
+8 1162
+5 75680
fe=(309)

fl=(301)
fn=(2556)
144 112910 8065 72585 0 0 132
-75 8065 8065 0 0 7545
+75 32260 8065 16130 0 134 2
+4 16130 0 0 0 0 0 0 0 0 8065 9
+15 24195 8065 0 0 1282 0 0 0 0 8065 58
fi=(280)
993 16130 16130 0 0 2994 0 0 2
fe=(301)
172 23956 7826 0 0 3 0 0 0 0 8065
299 15652 0 7826
-70 23478 15652 7826 0 561
+71 7826 7826
+1 7826
+19 7826 0 7826
-20 15652 7826 7826 0 7604
+1 78260 7826 7826 0 7824 0 0 0 0 7826
-1 116166 116166
+1 116166
+19 116166 0 116166
-20 232332 116166 116166 0 12671
+1 1905612 116166 240158 0 116141 16 0 0 0 240158 329
fi=(308)
85 123992 123992
fe=(301)
301 247984
+1 371976 123992
-78 371976 123992 0 0 30184 0 0 0 0 123992
-1 123992 123992
+1 123992
-1 247984
fi=(308)
98 247984 123992 0 0 123957
fe=(301)
225 495968 123992 123992 0 99186
-1 123992
+2 123992
-2 247984 0 0 0 0 0 0 0 0 123992 24998
fi=(308)
98 2087258 1043629 0 0 29808
fe=(301)
225 4174516 1043629 1043629 0 233602
-1 1043629
+2 1043629
-2 2087258 0 0 0 0 0 0 0 0 1043629 108068
+5 1363912 247984 123992
+1 206462 0 0 0 0 0 0 0 0 123992 1920
+1 412350 82470 82470
-1 82470 0 0 0 0 0 0 0 0 82470 22455
+1 84630 28210 28210
-1 28210 0 0 0 0 0 0 0 0 28210 1422
+1 3858 1286 1286
-1 1011347 82470 0 0 0 0 0 0 0 199541 32116
+1 56358 18786 18786
-1 93930 0 0 0 0 0 0 0 0 18786 6691
+1 529455 105891 105891
-1 317673 0 0 0 0 0 0 0 0 105891 22763
+1 63930
-1 63930
+1 63930 63930
-1 63930
+1 63930 0 63930
-1 63930 0 0 0 0 0 0 0 0 63930 19994
+1 80784 26928 26928
+73 2727824 123992 371976 0 2455 1 0 0 0 247984 343
-51 123992
-14 247984 0 123992
+1 371976 0 123992
-1 495968
+1 495968
+1 371976
+15 123992
fi=(268)
-18 247984
fe=(301)
+19 247984 0 0 0 0 0 0 0 0 123992
-18 507676
+1 507676
+1 380757
+15 126919
fi=(268)
-18 253838
fe=(301)
+19 1508393 0 0 0 0 0 0 0 0 126919
+1 250911
-1 250911
+2 250911
-1 752733 250911 250911 0 65354 41
-1 250911
+3 250911
-3 250911 0 0 0 0 0 0 0 0 250911 7669
+1 916710
-1 916710
+2 916710
-1 2750130 916710 916710 0 225494
-1 916710
+3 916710
-3 916710 0 0 0 0 0 0 0 0 916710 89469
-3 1508393 0 0 0 0 0 0 0 0 250911 18599
+9 1363912 619960 123992
+1 206462 0 0 0 0 0 0 0 0 123992 4582
+1 412350 82470 82470
-1 82470 0 0 0 0 0 0 0 0 82470 20876
+1 84630 28210 28210
-1 28210 0 0 0 0 0 0 0 0 28210 1486
+1 3858 1286 1286
-1 1011347 82470 0 0 0 0 0 0 0 199541 21385
+1 56358 18786 18786
-1 93930 0 0 0 0 0 0 0 0 18786 6187
+1 529455 105891 105891
-1 317673 0 0 0 0 0 0 0 0 105891 22535
+1 63930
-1 63930
+1 63930 63930
-1 63930
+1 63930 0 63930
-1 63930 0 0 0 0 0 0 0 0 63930 19702
+1 80784 26928 26928
+4 26928 26928
+3 26928
+22 26928
-22 188496 0 0 0 0 0 0 0 0 26928
-3 97064 97064
+3 97064
+22 97064
-22 1299408 0 123992 0 0 123 0 0 0 221056 775
+2 123992
-2 123992
+2 247984 0 0 0 0 0 0 0 0 123992 418
-1 123992
+2 371976 247984 123992 0 0 256
-1 123992
+2 123992
-2 247984 0 0 0 0 0 0 0 0 123992
+1 3130887 2087258 1043629 0 0 2
-1 1043629
+2 1043629
-2 2087258 0 0 0 0 0 0 0 0 1043629 108435
+5 371976 247984
+1 247984 123992
-1 123992
+2 123992
+8 247984 123992
fi=(268)
-27 123992
fi=(308)
-95 123992
fe=(301)
289 123992
fi=(268)
-27 247984
fi=(308)
-95 123992 123992
fe=(301)
281 123992
fi=(308)
167 247984
fe=(301)
291 123992
fi=(308)
167 247984
fe=(301)
281 123992
fi=(308)
167 123992 0 123992
fe=(301)
281 123992 0 0 0 0 0 0 0 0 123992 11111
+8 2087258 1043629
fi=(268)
-27 1043629
fi=(308)
-95 1043629
fe=(301)
289 1043629
fi=(268)
-27 2087258
fi=(308)
-95 1043629 1043629
fe=(301)
281 1043629
fi=(308)
167 2087258
fe=(301)
291 1043629
fi=(308)
167 2087258
fe=(301)
281 1043629
fi=(308)
167 1043629 0 1043629
fe=(301)
281 1043629 0 0 0 0 0 0 0 0 1043629 88559
+12 495968 123992
fi=(308)
147 123992 0 123992
fe=(301)
310 123992 123992
-1 371976 247984
+1 123992 123992 0 0 28872
-1 123992 123992 0 0 11108
+1 123992 0 0 0 0 0 0 0 0 123992 158
+2 594129
fi=(308)
202 1188258 594129 594129 0 54008
+1 594129 0 594129
cfn=(2730)
calls=594129 +66 
* 13701407 5932273 1782387 0 445137 418857 0 0 0 1206416 11870
fe=(301)
314 594129 594129
fi=(308)
161 594129 0 594129
+1 594129 0 594129
cfn=(2730)
calls=594129 269 
* 13701407 5932273 1782387 0 0 0 0 0 0 1206416 10505
fe=(301)
315 2376516 594129
+1 1188258 594129 594129
-6 1188258 594129 0 0 52514 0 0 0 0 594129 128004
+9 123992 123992
fi=(308)
202 247984 123992 123992 0 1961
+1 123992 0 123992
cfn=(2730)
calls=123992 +66 
* 495968 247984 0 0 0 0 0 0 0 123992 3
fi=(280)
993 371976 371976
fe=(301)
299 123992 0 123992
fi=(280)
993 123992
fe=(301)
299 123992 123992
fi=(280)
993 123992
fe=(301)
299 247984 0 0 0 0 0 0 0 0 123992 7864
+22 7826 7826
fi=(308)
161 7826 0 7826
+1 7826 0 7826
cfn=(2730)
calls=7826 269 
* 31304 15652 0 0 0 0 0 0 0 7826 407
fi=(280)
1606 7826 7826
1935 23478 7826 0 0 0 0 0 0 0 7826
+4 7826 0 7826
fe=(301)
181 15652 7826
-6 7826 7826
+6 7826 7826
-6 7826
+6 7826
-6 8065 239 0 0 0 0 0 0 0 7826
+6 239 239
-6 239
+6 239
-6 239 0 0 0 0 0 0 0 0 239
-1 8065
+1 8065
-1 16044 0 0 0 0 0 0 0 0 8065 87
+1 874296 437148 0 0 0 0 0 0 0 291351 213
662 145541
-1 145541 0 145541
+1 145541 0 145541
+1 145541 145541
fi=(308)
108 145541
fe=(301)
663 582164 145541 145541 0 114 0 0 0 0 145541
-36 291082 145541 0 0 577
-39 7970974 2173902 0 0 29888 0 0 765 0 724634
fi=(308)
212 724634
fe=(301)
588 724634
fi=(308)
212 2898536 724634 0 0 139301 0 0 2819 0 1449268 58315
+5 668011 668011
+3 668011 668011
-3 668011
+1 1336022
+1 668011
fe=(301)
594 1336022 0 0 0 0 0 0 0 0 668011
+19 3340055 668011 0 0 0 0 0 0 0 668011
+5 23210379 7736793 0 0 88859 0 0 978 0 7736793 1698149
fi=(308)
104 28924425 5784885 0 0 222497 0 0 1039
fe=(301)
622 5784885
fi=(308)
104 17354655 5784885
fe=(301)
623 5784885
-1 5784885 0 0 0 0 0 0 0 0 5784885 721
+4 5784238
+1 5784238
-1 23136952 17352714 0 0 77013 0 0 840
+1 11568476
-1 11568476
+3 5784238
+1 11568476
-17 17352714 0 0 0 0 0 0 0 0 5784238 592267
+16 647
+1 1294
-17 5857665 0 0 0 0 0 0 0 0 1952555 114296
fi=(308)
85 668011 668011
fe=(301)
636 1336022 0 0 0 0 0 0 0 0 668011 216869
+13 1161098 0 0 0 0 0 0 0 0 580549 465
fi=(308)
192 2912 0 1456
+1 1456 0 1456
cfn=(2730)
calls=1456 +76 
* 35869 14456 4329 0 19 1 0 0 0 3775 798
fe=(301)
680 1456 1456
fi=(308)
202 4368 2912 1456
+1 1456 0 1456
cfn=(2730)
calls=1456 +66 
* 35869 14456 4329 0 0 0 0 0 0 3775 584
fe=(301)
685 1456 1456
fi=(308)
161 1456 0 1456
+1 1456 0 1456
cfn=(2730)
calls=1456 269 
* 35869 14456 4329 0 0 0 0 0 0 3775 375
fe=(301)
688 4368 2912 0 0 0 0 0 0 0 1456
fi=(308)
197 7836 0 7836
+1 7836 0 7836
cfn=(2730)
calls=7836 +71 
* 183798 78360 23508 0 0 0 0 0 0 16862 1122
fe=(301)
690 7836 7836
fi=(308)
207 23508 15672 7836
+1 7836 0 7836
cfn=(2730)
calls=7836 +61 
* 183798 78360 23508 0 0 0 0 0 0 16862 153
fe=(301)
691 23508 15672 7836
-3 15672 7836 0 0 0 0 0 0 0 7836 1549
fi=(308)
197 1456 0 1456
+1 1456 0 1456
cfn=(2730)
calls=1456 +71 
* 5824 2912 0 0 0 0 0 0 0 1456 4
fe=(301)
695 1456 1456
fi=(308)
207 4368 2912 1456
+1 1456 0 1456
cfn=(2730)
calls=1456 +61 
* 5824 2912 0 0 0 0 0 0 0 1456 982
fe=(301)
696 1456 1456
fi=(280)
993 1456 1456
fe=(301)
696 2912 0 1456
fi=(280)
993 5824 1456
fe=(301)
175 2912 1456 0 0 0 0 0 0 0 1456
fi=(280)
993 576340 144085
fe=(301)
175 426066 281981 0 0 0 0 0 0 0 144085 7645
-1 137896
+1 137896
-1 137896 0 0 0 0 0 0 0 0 137896 157
+7 1567 0 0 0 0 0 0 0 0 164
+2 104845 80650 0 0 4972 0 0 0 0 8065
fi=(308)
+9 579093
fe=(301)
654 579093 579093 0 0 104947 0 0 390
fi=(308)
192 579093 0 579093
+1 579093 0 579093
cfn=(2730)
calls=579093 +76 
* 10563200 4630138 1301982 0 13028 0 0 144 0 1013401 109518
fe=(301)
680 579093 579093
fi=(308)
202 1737279 1158186 579093
+1 579093 0 579093
cfn=(2730)
calls=579093 +66 
* 10563200 4630138 1301982 0 0 0 0 0 0 1013401 3570
fe=(301)
716 579093 0 579093
-53 579093 579093 0 0 117364 0 0 2328
fi=(308)
108 579093
fe=(301)
663 1158186 0 0 0 0 0 0 0 0 579093 46
-9 1158186
fi=(308)
177 56623 56623 0 0 39609 0 0 1620
-1 56623 56623
+3 113246 56623
-2 56623
-1 56623
+1 113246
+4 158894 0 0 0 0 0 0 0 0 56623 12885
-4 319536 45648
-1 91296 45648
+1 45648
+6 91296 0 0 0 0 0 0 0 0 45648 22035
-6 1918225 383645 0 0 9245 0 0 983
-1 767290 383645
+1 383645
+6 767290 0 0 0 0 0 0 0 0 383645 71109
+1 76517
+1 76517
-4 1287879 0 0 0 0 0 0 0 0 429293 50216
fi=(319) /usr/include/c++/13/bits/move.h
+16 56623 56623
+1 169869 56623 113246 0 0 1
+1 56623 0 56623
fi=(308)
85 56623 56623
fe=(301)
636 113246 56623 0 0 0 0 0 0 0 56623
fi=(308)
104 396361 169869
fe=(301)
637 56623
+1 113246 56623 0 0 0 0 0 0 0 56623 1243
fi=(308)
98 56623 56623
fe=(301)
644 56623
fi=(308)
98 169869 0 56623
fe=(301)
641 237467 56623 0 0 0 0 0 0 0 56623 13
fi=(308)
192 21950 0 10975
+1 10975 0 10975
cfn=(2730)
calls=10975 +76 
* 252406 109742 32922 0 1674 0 0 15 0 21949 1
-1 266220 0 133110
+1 133110 0 133110
cfn=(2730)
calls=133110 +76 
* 3053398 1327676 398046 0 14467 0 0 352 0 265792 6880
fe=(301)
680 144085 144085
fi=(308)
202 432255 288170 144085
+1 144085 0 144085
cfn=(2730)
calls=144085 +66 
* 3305804 1437418 430968 0 0 0 0 0 0 287741 8113
fe=(301)
700 144085
fi=(304)
68 144085 144085 0 0 1252
fe=(301)
700 144085 0 0 0 0 0 0 0 0 144085 12425
fi=(304)
68 262386 0 0 0 0 0 0 0 0 87462
-24 262386 87462 0 0 0 0 0 0 0 87462
+2 174924 87462 87462 0 79956
fe=(301)
711 349848 262386 0 0 33620 0 0 485
fi=(308)
89 87462 87462
fe=(301)
711 262386 0 87462
cfi=(308)
cfn=(2734)
calls=87462 38 
* 68979969 8254572 7937025 0 188803 176568 0 9325 10820 4945731 678113 45024 501
fi=(308)
133 87462 0 87462
fe=(301)
712 87462 0 87462
+1 87462 87462
fi=(308)
108 87462
fe=(301)
721 288170 0 0 0 0 0 0 0 0 144085 13839
fi=(308)
141 123493 123493
+1 123493
-1 123493 0 123493
+1 123493 0 123493
cfn=(2730)
calls=123493 269 
* 2840339 1234930 370479 0 0 0 0 0 0 246986 5061
fe=(301)
743 123493 123493
fi=(321)
29 123493
fi=(280)
993 246986 246986
fi=(267)
506 123493 123493
fi=(280)
993 123493
fe=(301)
743 246986 123493 0 0 23
fi=(309)
278 246986
fi=(321)
29 740958 246986 123493 0 2657 38251
fi=(309)
278 246986
fi=(321)
29 370479 123493 123493 0 828 30909
fi=(309)
278 246986
fi=(321)
29 370479 123493 123493 0 971 30840
fi=(309)
278 246986
fi=(321)
29 370479 123493 123493 0 733 30908
fi=(309)
278 246986
fi=(321)
29 370479 123493 123493 0 988 30836
fi=(309)
278 246986
fi=(321)
29 370479 123493 123493 0 858 30909
fi=(309)
278 246986
fi=(321)
29 370479 123493 123493 0 407 30840
fi=(309)
278 246986
fi=(321)
29 370479 123493 123493 0 350 30908
fi=(309)
278 246986
fi=(321)
29 370479 123493 123493 0 563 30836
fi=(309)
278 246986
fi=(321)
29 370479 123493 123493 0 613 30909
fi=(309)
278 246986
fi=(321)
29 370479 123493 123493 0 295 30840
fi=(309)
278 246986
fi=(321)
29 370479 123493 123493 0 228 30908
fi=(309)
278 246986
fi=(321)
29 370479 123493 123493 0 364 30836
fi=(309)
278 370479
fi=(321)
29 370479 0 123493 0 0 30909
fi=(309)
284 123493 123493
fi=(321)
29 493972 246986 246986 0 582 61742
fi=(309)
284 3457804 246986
-1 123493 0 123493 0 0 15404
+1 1728902 123493
-1 123493 0 123493
+1 1728902 123493
-1 123493 0 123493 0 0 15432
+1 1852395 123493
-1 123493 0 123493
+1 1605409 123493
-1 123493 0 123493 0 0 15485
+1 123493 123493
fi=(280)
1283 246986 246986
fi=(309)
284 246986
-1 123493 0 123493
fi=(280)
1283 123493 0 0 0 0 0 0 0 0 123493
fi=(281)
191 123493 123493
fi=(280)
1288 123493
fi=(281)
191 123493 0 123493 0 0 2048 0 0 19
fi=(280)
1288 123493 0 123493
fe=(301)
750 123493 123493
181 123493 123493
750 267578 20592 123493
181 20592 20592
750 41184 0 20592
fi=(308)
104 2369003 676858 0 0 3003 0 0 16
fe=(301)
637 338429
+1 676858 0 0 0 0 0 0 0 0 338429 85958
fi=(308)
98 174924 87462 87462 0 0 1
fe=(301)
641 87462
fi=(308)
98 174924
fe=(301)
641 87462
fi=(308)
98 87462 0 87462
fe=(301)
641 87462 0 0 0 0 0 0 0 0 87462 8704
+3 707364 220572 0 0 17656 0 0 121 0 133110 46603
fi=(308)
176 125302
+5 125302 125302
-2 125302
-2 125302 125302 0 0 1016 0 0 10
-1 125302 125302
+1 125302
-1 125302
+1 250604
+4 375906 0 0 0 0 0 0 0 0 125302 6028
-4 903512 112939 112939 0 1242 0 0 17
-1 225878 112939
+1 112939
+6 225878 0 0 0 0 0 0 0 0 112939 56676
-6 4228365 845673 0 0 17745 0 0 473
-1 1691346 845673
+1 845673
+6 1691346 0 0 0 0 0 0 0 0 845673 152563
+1 187855
+1 187855
-4 2988775 112939 0 0 0 0 0 0 0 958612 126999
fi=(319)
+16 112939 112939
+1 225878 112939 112939
+1 112939 0 112939
fi=(308)
-10 112939
fi=(319)
+8 12363 12363
+1 24726 12363 12363
+1 12363 0 12363
fi=(308)
-10 12363
fe=(301)
539 25230 25230
+4 75690 25230 0 0 0 0 0 0 0 25230
-1 116005 65545
+3 131090 0 0 0 0 0 0 0 0 65545 21459
fi=(308)
125 235685 47137 0 0 8704 0 0 70
fe=(301)
552 94274
+3 47137
-12 94274 0 0 0 0 0 0 0 0 47137 7466
fi=(308)
98 65545
-17 65545 65545 0 0 27607 0 0 256
+17 131090 65545 0 0 134 0 0 1
fe=(301)
545 131090 0 0 0 0 0 0 0 0 65545
727 122390 41184 0 0 0 0 0 0 0 40603 670
-1 20011 20011
fi=(308)
141 20011 0 20011
+1 20011 0 20011
cfn=(2730)
calls=20011 269 
* 540297 180099 60033 0 0 0 0 0 0 80044 6222
-1 581 0 581
+1 581 0 581
cfn=(2730)
calls=581 269 
* 15106 5810 1743 0 0 0 0 0 0 1743 174
fe=(301)
731 102960 41184 0 0 0 0 0 0 0 20592
+3 20592 20592
fi=(308)
202 20592 20592
fe=(301)
732 20592 0 20592
fi=(308)
202 20592 0 20592
+1 20592 0 20592
cfn=(2730)
calls=20592 +66 
* 555022 185909 61776 0 0 0 0 0 0 81660 18448
fe=(301)
734 103072 103072
fi=(308)
202 103072 103072
fe=(301)
732 103072 0 103072
fi=(308)
202 103072 0 103072
+1 103072 0 103072
cfn=(2730)
calls=103072 +66 
* 2014408 857537 247440 0 0 2 0 0 0 202850 46354
fe=(301)
735 618320 370992
-4 247328 0 0 0 0 0 0 0 0 123664 58
fi=(280)
993 41184 20592
fe=(301)
532 61776 20592 0 0 0 0 0 0 0 20592
fi=(308)
121 247395 49479
fe=(301)
534 98958 0 0 0 0 0 0 0 0 49479 643
fi=(308)
156 24249 0 24249
+1 48498 0 24249
cfn=(2730)
calls=24249 269 
* 654056 218038 72660 0 0 0 0 0 0 96909 332
fe=(301)
532 115688 57844 0 0 0 0 0 0 0 28957 1
728 1162
fi=(308)
85 6822 6822
fe=(301)
558 13644 0 0 0 0 0 0 0 0 6822 3903
+4 9416 0 0 0 0 0 0 0 0 4708 524
fi=(308)
156 430 0 430
+1 860 0 430
cfn=(2730)
calls=430 269 
* 12445 4292 1287 0 0 0 0 0 0 1717 736
+1 430
fi=(304)
-90 56623
fe=(301)
701 56623 56623
fi=(304)
68 113246 0 0 0 0 0 0 0 0 56623
-24 169869 56623 0 0 0 0 0 0 0 56623
+2 113246 56623 56623 0 52308
+1 56623
fi=(308)
156 4278 0 4278
+1 8556 0 4278
cfn=(2730)
calls=4278 269 
* 114586 38222 12714 0 0 0 0 0 0 16992 2080
+1 4278
fe=(301)
703 169869 113246
fi=(308)
89 56623 56623
fe=(301)
703 226492 56623 56623
cfi=(308)
cfn=(2734)
calls=56623 38 
* 44291152 5510132 4813069 0 179242 118296 0 3892 5422 3341753 544880
fi=(308)
137 113246 56623 56623
fe=(301)
704 113246 56623 56623
+1 56623 56623
fi=(308)
108 56623
fe=(301)
705 56623
fi=(280)
993 7639 7639
fe=(301)
181 23442 7895 0 0 0 0 0 0 0 7895
-22 15304
+70 41522
+1 83044
+33 41522
+1 83044
163 482 241 0 0 135 0 0 0 0 241 5
+18 30574 7645 0 0 0 0 0 0 0 7645 6

fn=(2806)
211 13 1 6
fi=(304)
68 2 1 0 0 0 0 0 0 0 1
-24 3 1 0 0 0 0 0 0 0 1
+2 2 1 1
fi=(308)
-13 3 1 1 0 1
+2 2
-2 3 0 2
fi=(323)
+68 1 0 1
fi=(308)
-68 1 0 1
+2 1 0 1
-2 2 0 2
+2 2 0 1
cfi=(309)
cfn=(2592)
calls=1 340 
* 635 65 47 0 5 0 0 0 0 50 12
fe=(301)
213 2 1 1
+2 10 8 0 0 0 0 0 0 0 1 1

fn=(2782)
116 3536 272 1632 0 0 183
+3 544 272 0 0 2 0 0 0 0 272 85
338 100
+1 416
+9 1518 316 0 0 281 0 0 8 0 601 114
+6 216 216 0 0 104 0 0 3
-8 648 0 0 0 0 0 0 0 0 216
508 42 42 0 0 19
fi=(308)
284 42
137 42 0 42
284 42 0 42
fe=(301)
517 42
121 272 272
fi=(267)
506 272
fi=(321)
29 272
fi=(267)
506 272 272 0 0 97 0 0 11
fi=(309)
278 544
fi=(321)
29 1632 544 272 0 109 181
fi=(309)
278 544
fi=(321)
29 816 272 272 0 31
fi=(309)
278 544
fi=(321)
29 816 272 272 0 34
fi=(309)
278 544
fi=(321)
29 816 272 272 0 21 187
fi=(309)
278 544
fi=(321)
29 816 272 272 0 22
fi=(309)
278 544
fi=(321)
29 816 272 272 0 12
fi=(309)
278 544
fi=(321)
29 816 272 272 0 10
fi=(309)
278 544
fi=(321)
29 816 272 272 0 7 186
fi=(309)
278 544
fi=(321)
29 816 272 272 0 8
fi=(309)
278 544
fi=(321)
29 816 272 272 0 7
fi=(309)
278 544
fi=(321)
29 816 272 272 0 7
fi=(309)
278 544
fi=(321)
29 816 272 272 0 4 188
fi=(309)
278 544
fi=(321)
29 816 272 272 0 8
fi=(309)
278 816
fi=(321)
29 1632 544 544 0 9
fi=(309)
284 272 272 0 0 42
fi=(321)
29 272 0 272 0 0 189
fi=(309)
284 7344 544
-1 272 0 272
+1 3808 272
-1 272 0 272
+1 3808 272
-1 272 0 272
+1 4080 272
-1 272 0 272
+1 3264 272
-1 272 0 272
+1 1088 272
fi=(321)
59 272
fi=(309)
283 272 0 272
fi=(321)
59 3264 0 3264 0 0 1168
fe=(301)
+68 1360 816 0 0 0 0 0 0 0 272 67
+5 1064 0 0 0 0 0 0 0 0 532 9
+4 344 172 0 0 0 0 0 0 0 86
328 344 172 0 0 0 0 0 0 0 86
-1 86
-1 86
+2 5710 0 0 0 0 0 0 0 0 1846 164
fi=(308)
104 1846
fe=(301)
329 1846
fi=(308)
104 9230 1846 0 0 130
fe=(301)
329 3692 0 0 0 0 0 0 0 0 1846 1
fi=(308)
98 1846 1846
fe=(301)
330 1846
fi=(308)
98 3692
fe=(301)
375 156 0 0 0 0 0 0 0 0 78
-9 78
+3 78
-2 78
+1 78
-3 156
+17 522 522 0 0 209 0 0 1
-7 2152 0 0 0 0 0 0 0 0 522 68
fi=(308)
73 586 586 0 0 473 0 0 5
fe=(301)
376 1172 0 0 0 0 0 0 0 0 586 79
fi=(308)
73 78 78 0 0 61
fe=(301)
376 156 0 0 0 0 0 0 0 0 78 1
+3 284 142 0 0 47
-1 142
fi=(308)
81 142 142
fe=(301)
375 443 0 0 0 0 0 0 0 0 142 24
+9 172 0 0 0 0 0 0 0 0 86 24
+1 172 0 86
506 344 0 0 0 0 0 0 0 0 172 54
+4 107 107
fi=(308)
284 214 107
133 107 0 107
284 107 0 107
fe=(301)
517 321 0 107 0 0 100
cfi=(308)
cfn=(2790)
calls=107 23 
* 4035431 1368533 823329 0 204102 153334 0 19984 14566 714890 84657
* 195 0 65 0 0 38
cfi=(308)
cfn=(2790)
calls=65 23 
* 689031 233918 140223 0 34533 26304 0 4481 3176 122228 14312
fi=(304)
68 344 172 0 0 0 0 0 0 0 172 51
-6 544 272 272 0 0 137
+1 272 0 272
fe=(301)
520 272 0 272 0 0 139
-2 816 0 272 0 0 26
142 2992 2176 0 0 409 0 0 0 0 272 12
357 300 100 0 0 0 0 0 0 0 100 5
+1 100 0 100
506 200 0 0 0 0 0 0 0 0 100 10
+4 58 58
fi=(308)
284 116 58 0 0 23 0 0 1
133 58 0 58
284 58 0 58
fe=(301)
517 116 0 58 0 0 28
cfi=(308)
cfn=(2790)
calls=58 23 
* 620988 209993 127054 0 30883 23623 0 2216 1630 109728 13781
* 84 0 42 0 0 17
cfi=(308)
cfn=(2790)
calls=42 23 
* 227586 76989 46434 0 11321 8761 0 432 299 40288 4891
fi=(304)
68 200 100 0 0 0 0 0 0 0 100 10
fe=(301)
346 400 0 0 0 0 0 0 0 0 100
+29 16 0 0 0 0 0 0 0 0 8
-9 8
+3 8
-2 8
+1 8
-3 16
+17 58 58 0 0 27 0 0 6
-7 224 0 0 0 0 0 0 0 0 58 16
fi=(308)
73 50 50 0 0 49 0 0 1
fe=(301)
376 100 0 0 0 0 0 0 0 0 50 14
fi=(308)
73 8 8 0 0 8 0 0 2
fe=(301)
376 44 14 0 0 0 0 0 0 0 22 8
fi=(308)
81 8 8
fe=(301)
378 8
+1 16
508 65 65
fi=(308)
284 65
137 65 0 65
284 65 0 65
fe=(301)
517 65
-50 172 0 0 0 0 0 0 0 0 86
-9 86
+1 86
+1 86
-4 86
+1 172
+25 1650 1650 0 0 709 0 0 84
-15 6514 0 0 0 0 0 0 0 0 1650 88
+1 4950 1650 0 0 1497 0 0 155 0 1650 536
+2 5714 1142 0 0 0 0 0 0 0 2286 287
fi=(308)
73 1142 1142
fe=(301)
473 2284 0 0 0 0 0 0 0 0 1142 193
fi=(308)
73 1 1
fe=(301)
473 984 0 0 0 0 0 0 0 0 983 3
+1 2 0 0 0 0 0 0 0 0 1 1
fi=(308)
81 161 161
fe=(301)
476 161
+2 161
-1 322
-6 2
+13 172 0 0 0 0 0 0 0 0 86
+1 172 0 86
+2 172 0 0 0 0 0 0 0 0 86

ob=(2)
fl=(243)
fn=(1900)
255 45184
+1 45184
+6 45184
+1 45184 0 0 0 0 0 0 0 0 45184 515
+2 6998 6998 0 0 2974 0 0 90
+1 6998
+1 6998 0 0 0 0 0 0 0 0 6998 10
+3 6115 6115
+1 6115 0 6115 0 0 2615 0 0 436
+1 6115 0 6115 0 0 2876 0 0 395
+3 12230 6115
+30 38186
+1 38186 0 0 0 0 0 0 0 0 38186
+2 19232
+1 19232 0 0 0 0 0 0 0 0 19232
+33 18954 18954 0 0 2035 0 0 17
+1 18954 18954
+1 18954 0 18954 0 0 5909 0 0 798
+1 18954 0 18954 0 0 4673 0 0 1296
+2 18954 18954
+17 19232 19232
+1 19232 19232
+1 19232 0 19232 0 0 7276 0 0 1312
+1 19232 0 19232 0 0 2033 0 0 7
+1 19232 19232
+7 723 723
+1 723 723
+1 723 0 723 0 0 194 0 0 44
+1 723 0 723 0 0 416 0 0 99
+1 723 0 723 0 0 723 0 0 144
+1 723 0 723
+1 1446 723
+5 883 883 0 0 657
+1 883 0 0 0 0 0 0 0 0 883
+5 883
+1 883 0 0 0 0 0 0 0 0 883 339
+2 723 723 0 0 199
+1 723
+1 723 0 0 0 0 0 0 0 0 723 321
+20 160
+1 160
+4 160
+2 160 0 0 0 0 0 0 0 0 160
+4 160 160 0 0 5
+1 160 0 0 0 0 0 0 0 0 160 1
+11 160
+3 160
+2 160
+2 160
+4 160
+1 160 0 0 0 0 0 0 0 0 160 7
+9 160 160 0 0 160 0 0 102
+1 160 160 0 0 80 0 0 52
+2 160
+2 160
+1 160 160 0 0 80 0 0 54
+1 160 160 0 0 80 0 0 51
+3 160
+2 160
+2 160
+2 320
+6 160 160 0 0 36 0 0 25
+1 160 160 0 0 80 0 0 51
+1 160 160 0 0 80 0 0 53
+1 160 160 0 0 80 0 0 51
+1 160
+1 160 0 160 0 0 96 0 0 77
+1 160 0 160 0 0 80 0 0 64
+1 160 0 160 0 0 80 0 0 64
+1 160 0 160 0 0 80 0 0 64
+1 160
+1 160
+1 160 0 0 0 0 0 0 0 0 160
-11 560 560 0 0 240 0 0 159
+1 560 560 0 0 240 0 0 149
+1 560 560 0 0 204 0 0 135
+1 560 560 0 0 160 0 0 102
+1 560
+1 560 0 560 0 0 280 0 0 224
+1 560 0 560 0 0 280 0 0 224
+1 560 0 560 0 0 280 0 0 224
+1 560 0 560 0 0 280 0 0 224
+1 560
+1 560
+1 560 0 0 0 0 0 0 0 0 560 127
+2 160 0 160 0 0 120 0 0 95
+1 160 0 160 0 0 40 0 0 32
+1 160 0 160 0 0 20 0 0 16
+1 160 0 160
+2 160 0 160
+4 320 160

fl=(202)
fn=(1948)
3359 37
+4 74 0 0 0 0 0 0 0 0 37
-4 111 0 74
+14 37
-14 111 0 74
+12 37 37 0 0 31
+4 37 37 0 0 36
-4 37 37 0 0 31
+4 74 0 0 0 0 0 0 0 0 37
+17 111 74 0 0 64 0 0 0 0 37
fi=(203) ./malloc/./malloc/arena.c
153 111 0 0 0 0 0 0 0 0 37 34
fe=(202)
3398 111 0 37 0 0 5
cfn=(1952) _int_free
calls=1944 4495 
* 5229 1497 928 0 312 30 0 0 0 879 81
+3 37 0 37
+1 222 185

fn=(716) _int_malloc
3846 55 5 35
1326 10 0 0 0 0 0 0 0 0 5 5
+19 30 0 0 0 0 0 0 0 0 5
3887 10 0 0 0 0 0 0 0 0 5
1794 5 5
3914 10 0 0 0 0 0 0 0 0 5
+63 10 0 0 0 0 0 0 0 0 5
+62 75 0 0 0 0 0 0 0 0 15 2
+1 15 5 0 0 5 0 0 0 0 5
+20 5 5
-1 5
-1 5
+1 10 0 5
+1 10 5 0 0 0 0 0 0 0 5
-2 10 5
+12 25 5 5 0 5 0 0 0 0 5 2
-1 10 0 5
+4 10 5 0 0 5
+1 5
+2 10 0 0 0 0 0 0 0 0 5
-3 10 5
+1 5
+2 10 0 0 0 0 0 0 0 0 5
+1 30 10 0 0 5 0 0 0 0 10 7
+2 10 10 0 0 8
+1 40 0 0 0 0 0 0 0 0 20
+2 40 10 0 0 0 0 0 0 0 10
-10 10 10
+12 20 10 0 0 4 0 0 0 0 10
+1 20 10 0 0 0 0 0 0 0 10 5
+2 20 0 0 0 0 0 0 0 0 10
+11 30 0 0 0 0 0 0 0 0 15 5
+29 10 0 10
+1 10 0 10
+4 20 0 0 0 0 0 0 0 0 10
+29 20 0 0 0 0 0 0 0 0 10 5
+8 20 0 0 0 0 0 0 0 0 5 5
+1 5
+1 5 5 0 0 5 0 0 1
-1 5
+4 10 0 0 0 0 0 0 0 0 5 3
4487 60 45 0 0 0 0 0 0 0 5
4163 10 0 5
+1 15
+1 5 5 0 0 5 0 0 1
-1 5
+57 10 5
+9 5 0 5
-9 10
+9 5 5
-9 15 0 5 0 0 5
+1 5 0 5
+1 5 0 5
+1 5 0 5
+1 5 0 5
+6 10 0 0 0 0 0 0 0 0 5
-10 10 5
+9 5 0 5
-9 10
+9 5 5
-9 15 0 5
+1 5 0 5
+1 5 0 5
+1 5 0 5
+1 5 0 5
+6 10 0 0 0 0 0 0 0 0 5 5
4070 30 10 0 0 0 0 0 0 0 10 5
4246 10 0 0 0 0 0 0 0 0 5 5
+11 15 0 0 0 0 0 0 0 0 5
+2 15
+3 5 5 0 0 5 0 0 1
-3 5
+3 10 0 0 0 0 0 0 0 0 5 5
+1 10 5 0 0 5 0 0 0 0 5
-23 40 10 10 0 0 0 0 0 0 10
-79 5
+8 25 0 5
+49 5
-48 5
+48 15 0 5 0 0 5
4460 15 0 5
cfn=(724) alloc_perturb
calls=5 1985 
* 20 10 0 0 0 0 0 0 0 5 2
+1 5
-2 10
4266 5 5 0 0 5
+1 30 5 0 0 2 0 0 0 0 5
+6 10 5 0 0 0 0 0 0 0 5 4
+2 3 3
+1 6 3 0 0 3
+2 3
+1 6 0 3
-1 6 0 3
+1 3 0 3
cfn=(2240) unlink_chunk.isra.0
calls=3 1608 
* 72 30 9 0 9 0 0 0 0 15 6
-1 2
+1 4 0 2
-1 4 0 2
+1 2 0 2
cfn=(2240)
calls=2 1608 
* 66 28 10 0 5 0 0 0 0 16 4
+3 20 10 0 0 0 0 0 0 0 5
+13 10 5
-4 5
+4 10
+1 10 5 0 0 0 0 0 0 0 5
+3 5 0 5 0 0 5 0 0 4
+1 5 0 5
+1 5 0 5
+1 10 0 0 0 0 0 0 0 0 5
+2 10 0 5
+3 40 0 5
+2 15 0 5 0 0 1
+1 5 0 5
+3 5

fn=(704)
3294 40 0 20
+7 10 5 0 0 4 0 0 0 0 5
1326 10 0 0 0 0 0 0 0 0 5
+19 25 0 0 0 0 0 0 0 0 5
3311 10
+2 20 10 0 0 10 0 0 0 0 5
+3 10 5 0 0 5 0 0 0 0 5
+10 10 5 0 0 5 0 0 0 0 5
+28 30 25
-26 20 0 5
cfn=(716)
calls=5 3846 
* 1542 319 229 0 76 16 0 3 4 296 75
+1 25 5 0 0 0 0 0 0 0 10
fi=(203)
153 10 0 0 0 0 0 0 0 0 5 5
fe=(202)

fn=(1956) _int_free_maybe_consolidate
4770 407 37 259 0 6
+6 74 0 0 0 0 0 0 0 0 37
+22 407 333 0 0 0 0 0 0 0 37

fn=(1952)
4495 259 0 148 0 0 2
+4 111 37
+6 148 0 0 0 0 0 0 0 0 37
+1 74 0 0 0 0 0 0 0 0 37
+4 185 0 0 0 0 0 0 0 0 74
+8 148 74 0 0 0 0 0 0 0 37
-1 74
+1 74 37 0 0 31 0 0 0 0 37
1792 37 37 0 0 31
4561 74 0 0 0 0 0 0 0 0 37
+76 74 37 0 0 0 0 0 0 0 37
+3 74 37 0 0 32 0 0 0 0 37
+18 37
-12 37
+12 148 148
-12 37
cfn=(1954) _int_free_merge_chunk
calls=1922 +19 
* 3638 1090 780 0 218 28 0 0 0 546 81

fn=(2240)
1608 17 0 17
+2 51 17
-2 17
+2 34 17 0 0 5 0 0 0 0 17 2
+3 17 17 0 0 5
+1 34 17
+2 68 34 0 0 22 0 0 0 0 34 3
-3 17 17
+6 17 0 17
+1 17 0 17
+1 85 17 0 0 5 0 0 0 0 34 10
+2 6 3 0 0 0 0 0 0 0 3
+1 9 6 0 0 0 0 0 0 0 3 2
+3 6 3 0 0 1 0 0 0 0 3
+14 3 0 3
+1 3 0 3
+3 34 34

fn=(1954)
4665 185 0 148
+1 37
-1 111 0 74 0 0 5
+5 222 37 0 0 31 0 0 0 0 37
+3 74 37 0 0 32 0 0 0 0 37
+5 111 37 0 0 30 0 0 0 0 37
+3 74
+1 74 0 0 0 0 0 0 0 0 37
+1 74 37 0 0 30 0 0 0 0 37
1992 111 37 0 0 0 0 0 0 0 37
4689 74 37 0 0 0 0 0 0 0 37 34
+2 2 2
+2 2
-1 2
+2 8 2 0 0 2 0 0 0 0 2 2
+2 4 0 2
cfn=(2240)
calls=3505 1608 
* 48 20 6 0 4 0 0 0 0 10 5
+18 74 37 0 0 0 0 0 0 0 37
+6 74 37 0 0 33 0 0 0 0 37 10
+4 27 0 27
+9 27 27
-1 27
+1 81
+1 54 27 0 0 23 0 0 0 0 27
-1 10 10
-1 10
+1 30
+1 20 10 0 0 7 0 0 0 0 10 1
+2 37 0 37 0 0 2
+2 74 0 0 0 0 0 0 0 0 37 27
+5 37 0 37
+1 37 0 37
+2 111 0 37
+1 37 0 37
-45 37
-1 74
+1 222 222
-1 37
cfn=(1956)
calls=2916 +69 
* 888 370 259 0 6 0 0 0 0 74
+39 111 0 37 0 0 21
-19 10
+1 10
-1 10 0 10
cfn=(2240)
calls=5482 1608 
* 249 104 32 0 20 0 0 0 0 53 2
+1 10

fn=(724)
1985 15 5 0 0 0 0 0 0 0 5 2
+2 5 5

fl=(269) ./csu/../sysdeps/nptl/libc_start_call_main.h
fn=(2052) (below main)
cob=(11)
cfi=(266)
cfn=(2060)
calls=0 78 
58 561372449 119801094 42344857 18 3612350 1640612 18 92491 66138 56689446 5878816 71305 546

fl=(264)
fn=(2024)
cfi=(269)
cfn=(2052)
calls=0 29 
360 561372449 119801094 42344857 18 3612350 1640612 18 92491 66138 56689446 5878816 71305 546

totals: 561372449 119801094 42344857 18 3612350 1640612 18 92491 66138 56689446 5878816 71305 546
