==801880== Callgrind, a call-graph generating cache profiler
==801880== Copyright (C) 2002-2017, and GNU GPL'd, by Josef Weidendorfer et al.
==801880== Using Valgrind-3.22.0 and LibVEX; rerun with -h for copyright info
==801880== Command: /home/max/projects/corintho-ai/bench/results/long-profile-2026-09-23/bin/selfplay_nn - /home/max/projects/corintho-ai/bench/results/long-profile-2026-09-23/model.mlp 48 1600 16 1 901
==801880== 
--801880-- warning: L3 cache found, using its data for the LL simulation.
==801880== For interactive control, run 'callgrind_control -h'.
==801880== brk segment overflow in thread #1: can't grow to 0x483c000
==801880== (see section Limitations in user manual)
==801880== NOTE: further instances of this message will not be shown
Corintho self-play engine benchmark (real network: /home/max/projects/corintho-ai/bench/results/long-profile-2026-09-23/model.mlp)
games 48  max_searches 1600  searches_per_eval 16  threads 1  seed 901
self-play (engine)    173.491 s
gather requests         0.926 s
network evaluation   17379.712 s
turns per game          27.38
#METRIC engine_seconds 173.4908
#METRIC gather_seconds 0.9258
#METRIC wall_seconds 17554.1489
#METRIC turns 1314
#METRIC requests 1657057
==801880== 
==801880== Events    : Ir Dr Dw I1mr D1mr D1mw ILmr DLmr DLmw Bc Bcm Bi Bim
==801880== Collected : 10980024257 2122176117 739113301 376 55749148 22723664 346 2595666 1972210 1136011209 57525888 658096 4134
==801880== 
==801880== I   refs:      10,980,024,257
==801880== I1  misses:               376
==801880== LLi misses:               346
==801880== I1  miss rate:           0.00%
==801880== LLi miss rate:           0.00%
==801880== 
==801880== D   refs:       2,861,289,418  (2,122,176,117 rd + 739,113,301 wr)
==801880== D1  misses:        78,472,812  (   55,749,148 rd +  22,723,664 wr)
==801880== LLd misses:         4,567,876  (    2,595,666 rd +   1,972,210 wr)
==801880== D1  miss rate:            2.7% (          2.6%   +         3.1%  )
==801880== LLd miss rate:            0.2% (          0.1%   +         0.3%  )
==801880== 
==801880== LL refs:           78,473,188  (   55,749,524 rd +  22,723,664 wr)
==801880== LL misses:          4,568,222  (    2,596,012 rd +   1,972,210 wr)
==801880== LL miss rate:             0.0% (          0.0%   +         0.3%  )
==801880== 
==801880== Branches:       1,136,669,305  (1,136,011,209 cond +     658,096 ind)
==801880== Mispredicts:       57,530,022  (   57,525,888 cond +       4,134 ind)
==801880== Mispred rate:             5.1% (          5.1%     +         0.6%   )
