2026-09-23 21:56:09 pgo_experiment start, out=/home/max/projects/corintho-ai/bench/results/pgo-2026-09-23, pkg 68C
2026-09-23 21:56:09 start build
2026-09-23 21:56:48 done build
2026-09-23 21:56:48 start train
2026-09-23 21:58:18 train: 10 .gcda files, engine_seconds=17.4631 wall_seconds=89.8148 
2026-09-23 21:58:18 done train
2026-09-23 21:58:18 start pgo
2026-09-23 21:58:45 done pgo
2026-09-23 21:58:45 start gates
2026-09-23 21:58:56 gate base seed 1 2147e3071a27cc4d 8532 MATCH
2026-09-23 21:59:06 gate pgo seed 1 2147e3071a27cc4d 8532 MATCH
2026-09-23 21:59:15 gate partial seed 1 2147e3071a27cc4d 8532 MATCH
2026-09-23 21:59:25 gate base seed 2 a988f67a0c984be7 8533 MATCH
2026-09-23 21:59:35 gate pgo seed 2 a988f67a0c984be7 8533 MATCH
2026-09-23 21:59:44 gate partial seed 2 a988f67a0c984be7 8533 MATCH
2026-09-23 21:59:54 gate base seed 3 dcb1745df12a1ba0 8390 MATCH
2026-09-23 22:00:03 gate pgo seed 3 dcb1745df12a1ba0 8390 MATCH
2026-09-23 22:00:13 gate partial seed 3 dcb1745df12a1ba0 8390 MATCH
2026-09-23 22:00:22 gate base seed 4 e0db31d1d69b6456 8493 MATCH
2026-09-23 22:00:32 gate pgo seed 4 e0db31d1d69b6456 8493 MATCH
2026-09-23 22:00:47 cooldown waited 15s, now 63C
2026-09-23 22:00:57 gate partial seed 4 e0db31d1d69b6456 8493 MATCH
2026-09-23 22:00:57 done gates
2026-09-23 22:00:57 start mt
2026-09-23 22:01:27 mt pgo seed 3001: 7.4602 30.2337 28291 0.0002
2026-09-23 22:01:57 mt partial seed 3001: 7.4342 30.2325 28291 0.0002
2026-09-23 22:02:27 mt base seed 3001: 7.2169 29.7992 28291 0.0002
2026-09-23 22:02:58 mt partial seed 3002: 7.4804 30.3654 28308 0.0002
2026-09-23 22:03:28 mt base seed 3002: 7.2825 30.0867 28308 0.0002
2026-09-23 22:03:58 mt pgo seed 3002: 7.4844 30.5443 28308 0.0002
2026-09-23 22:04:29 mt base seed 3003: 7.3319 30.3116 28537 0.0002
2026-09-23 22:05:00 mt pgo seed 3003: 7.5634 30.9644 28537 0.0002
2026-09-23 22:05:31 mt partial seed 3003: 7.6106 30.8921 28537 0.0002
2026-09-23 22:06:02 mt pgo seed 3004: 7.5736 30.8100 28665 0.0002
2026-09-23 22:06:33 mt partial seed 3004: 7.5938 31.0048 28665 0.0002
2026-09-23 22:07:03 mt base seed 3004: 7.2371 30.2234 28665 0.0002
2026-09-23 22:07:33 mt partial seed 3005: 7.3929 30.2132 28279 0.0002
2026-09-23 22:08:03 mt base seed 3005: 7.1312 29.6541 28279 0.0002
2026-09-23 22:08:34 mt pgo seed 3005: 7.3625 30.3349 28279 0.0002
2026-09-23 22:09:04 mt base seed 3006: 7.1911 29.9409 28610 0.0002
2026-09-23 22:09:34 mt pgo seed 3006: 7.4827 30.4201 28610 0.0002
2026-09-23 22:10:05 mt partial seed 3006: 7.4544 30.5286 28610 0.0002
2026-09-23 22:10:36 mt pgo seed 3007: 7.5895 30.8240 28857 0.0002
2026-09-23 22:11:07 mt partial seed 3007: 7.5609 30.9363 28857 0.0002
2026-09-23 22:11:37 mt base seed 3007: 7.3355 30.3901 28857 0.0002
2026-09-23 22:12:07 mt partial seed 3008: 7.4275 30.2456 28438 0.0002
2026-09-23 22:12:37 mt base seed 3008: 7.1952 29.8392 28438 0.0002
2026-09-23 22:13:08 mt pgo seed 3008: 7.4312 30.3374 28438 0.0002
2026-09-23 22:13:37 mt base seed 3009: 7.1466 29.5669 28051 0.0002
2026-09-23 22:14:07 mt pgo seed 3009: 7.3166 29.8180 28051 0.0002
2026-09-23 22:14:37 mt partial seed 3009: 7.3479 30.0610 28051 0.0002
2026-09-23 22:15:08 mt pgo seed 3010: 7.4359 30.4209 28431 0.0002
2026-09-23 22:15:39 mt partial seed 3010: 7.5055 30.6161 28431 0.0002
2026-09-23 22:16:09 mt base seed 3010: 7.2234 30.1929 28431 0.0002
2026-09-23 22:16:39 mt partial seed 3011: 7.4486 30.3298 28274 0.0002
2026-09-23 22:17:09 mt base seed 3011: 7.1374 29.5900 28274 0.0002
2026-09-23 22:17:39 mt pgo seed 3011: 7.3977 30.1419 28274 0.0002
2026-09-23 22:18:09 mt base seed 3012: 7.1939 29.6460 28448 0.0002
2026-09-23 22:18:39 mt pgo seed 3012: 7.4554 30.3390 28448 0.0002
2026-09-23 22:19:10 mt partial seed 3012: 7.4519 30.1625 28448 0.0002
2026-09-23 22:19:40 mt pgo seed 3013: 7.4840 30.5525 28567 0.0002
2026-09-23 22:20:11 mt partial seed 3013: 7.4714 30.4535 28567 0.0002
2026-09-23 22:20:41 mt base seed 3013: 7.2745 30.0384 28567 0.0002
2026-09-23 22:21:11 mt partial seed 3014: 7.4088 30.1364 28327 0.0002
2026-09-23 22:21:41 mt base seed 3014: 7.2128 29.9905 28327 0.0002
2026-09-23 22:22:11 mt pgo seed 3014: 7.3855 30.1662 28327 0.0002
2026-09-23 22:22:41 mt base seed 3015: 7.2330 29.9153 28525 0.0002
2026-09-23 22:23:12 mt pgo seed 3015: 7.4441 30.3191 28525 0.0002
2026-09-23 22:23:43 mt partial seed 3015: 7.4905 30.5865 28525 0.0002
2026-09-23 22:24:13 mt pgo seed 3016: 7.4650 30.2896 28409 0.0002
2026-09-23 22:24:44 mt partial seed 3016: 7.5453 30.7779 28409 0.0002
2026-09-23 22:25:14 mt base seed 3016: 7.2384 29.8392 28409 0.0002
2026-09-23 22:25:44 mt partial seed 3017: 7.4305 30.4196 28291 0.0002
2026-09-23 22:26:14 mt base seed 3017: 7.1595 29.7279 28291 0.0002
2026-09-23 22:26:44 mt pgo seed 3017: 7.4195 30.2599 28291 0.0002
2026-09-23 22:27:14 mt base seed 3018: 7.2268 29.8238 28576 0.0002
2026-09-23 22:27:45 mt pgo seed 3018: 7.5003 30.6030 28576 0.0002
2026-09-23 22:28:15 mt partial seed 3018: 7.4981 30.4294 28576 0.0002
2026-09-23 22:28:46 mt pgo seed 3019: 7.4789 30.4909 28523 0.0002
2026-09-23 22:29:16 mt partial seed 3019: 7.4640 30.3188 28523 0.0002
2026-09-23 22:29:46 mt base seed 3019: 7.2575 30.0472 28523 0.0002
2026-09-23 22:30:17 mt partial seed 3020: 7.4188 30.2818 28381 0.0002
2026-09-23 22:30:47 mt base seed 3020: 7.2205 30.0058 28381 0.0002
2026-09-23 22:31:17 mt pgo seed 3020: 7.3891 30.0416 28381 0.0002
2026-09-23 22:31:47 mt base seed 3021: 7.2726 30.2359 28342 0.0002
2026-09-23 22:32:18 mt pgo seed 3021: 7.4140 30.1945 28342 0.0002
2026-09-23 22:32:48 mt partial seed 3021: 7.4758 30.3750 28342 0.0002
2026-09-23 22:33:18 mt pgo seed 3022: 7.4052 30.1319 28304 0.0002
2026-09-23 22:33:49 mt partial seed 3022: 7.4670 30.6603 28304 0.0002
2026-09-23 22:34:19 mt base seed 3022: 7.1914 29.7687 28304 0.0002
2026-09-23 22:34:50 mt partial seed 3023: 7.5328 30.6969 28534 0.0002
2026-09-23 22:35:20 mt base seed 3023: 7.2790 30.1206 28534 0.0002
2026-09-23 22:35:51 mt pgo seed 3023: 7.5074 30.6042 28534 0.0002
2026-09-23 22:36:21 mt base seed 3024: 7.1703 30.0262 28301 0.0002
2026-09-23 22:36:51 mt pgo seed 3024: 7.4530 30.4034 28301 0.0002
2026-09-23 22:37:22 mt partial seed 3024: 7.4526 30.4874 28301 0.0002
2026-09-23 22:37:53 mt pgo seed 3025: 7.5353 30.8180 28614 0.0002
2026-09-23 22:38:23 mt partial seed 3025: 7.5036 30.5265 28614 0.0002
2026-09-23 22:38:54 mt base seed 3025: 7.3216 30.3111 28614 0.0002
2026-09-23 22:39:24 mt partial seed 3026: 7.4927 30.5187 28396 0.0002
2026-09-23 22:39:55 mt base seed 3026: 7.2715 30.2294 28396 0.0002
2026-09-23 22:40:25 mt pgo seed 3026: 7.4562 30.4173 28396 0.0002
2026-09-23 22:40:55 mt base seed 3027: 7.3023 30.2370 28476 0.0002
2026-09-23 22:41:26 mt pgo seed 3027: 7.5175 30.6009 28476 0.0002
2026-09-23 22:41:57 mt partial seed 3027: 7.5525 31.0283 28476 0.0002
2026-09-23 22:42:28 mt pgo seed 3028: 7.4737 30.3140 28440 0.0002
2026-09-23 22:42:58 mt partial seed 3028: 7.5428 30.6819 28440 0.0002
2026-09-23 22:43:28 mt base seed 3028: 7.2210 30.0888 28440 0.0002
2026-09-23 22:43:59 mt partial seed 3029: 7.4546 30.3466 28208 0.0002
2026-09-23 22:44:29 mt base seed 3029: 7.1598 29.7856 28208 0.0002
2026-09-23 22:44:59 mt pgo seed 3029: 7.4293 30.5728 28208 0.0002
2026-09-23 22:45:30 mt base seed 3030: 7.2302 30.0547 28432 0.0002
2026-09-23 22:46:00 mt pgo seed 3030: 7.5061 30.6548 28432 0.0002
2026-09-23 22:46:31 mt partial seed 3030: 7.4840 30.4812 28432 0.0002
2026-09-23 22:47:02 mt pgo seed 3031: 7.5625 30.8058 28442 0.0002
2026-09-23 22:47:32 mt partial seed 3031: 7.4841 30.5468 28442 0.0002
2026-09-23 22:48:03 mt base seed 3031: 7.2818 30.1614 28442 0.0002
2026-09-23 22:48:33 mt partial seed 3032: 7.4553 30.5101 28658 0.0002
2026-09-23 22:49:03 mt base seed 3032: 7.2787 30.2246 28658 0.0002
2026-09-23 22:49:34 mt pgo seed 3032: 7.4807 30.4165 28658 0.0002
2026-09-23 22:50:04 mt base seed 3033: 7.1712 30.0641 28211 0.0002
2026-09-23 22:50:34 mt pgo seed 3033: 7.3808 30.1710 28211 0.0002
2026-09-23 22:51:05 mt partial seed 3033: 7.4451 30.2649 28211 0.0002
2026-09-23 22:51:35 mt pgo seed 3034: 7.4538 30.1684 28508 0.0002
2026-09-23 22:52:06 mt partial seed 3034: 7.5053 30.5131 28508 0.0002
2026-09-23 22:52:36 mt base seed 3034: 7.2137 29.9181 28508 0.0002
2026-09-23 22:53:06 mt partial seed 3035: 7.4484 30.3668 28280 0.0002
2026-09-23 22:53:36 mt base seed 3035: 7.1409 29.7317 28280 0.0002
2026-09-23 22:54:06 mt pgo seed 3035: 7.4008 30.2083 28280 0.0002
2026-09-23 22:54:36 mt base seed 3036: 7.1179 29.6167 28242 0.0002
2026-09-23 22:55:06 mt pgo seed 3036: 7.3801 30.3521 28242 0.0002
2026-09-23 22:55:36 mt partial seed 3036: 7.3729 30.0524 28242 0.0002
2026-09-23 22:56:07 mt pgo seed 3037: 7.3915 30.1438 28212 0.0002
2026-09-23 22:56:37 mt partial seed 3037: 7.3745 29.9311 28212 0.0002
2026-09-23 22:57:06 mt base seed 3037: 7.1298 29.6505 28212 0.0002
2026-09-23 22:57:37 mt partial seed 3038: 7.4995 30.4044 28497 0.0002
2026-09-23 22:58:07 mt base seed 3038: 7.2349 30.0038 28497 0.0002
2026-09-23 22:58:37 mt pgo seed 3038: 7.4480 30.3192 28497 0.0002
2026-09-23 22:59:07 mt base seed 3039: 7.2313 29.9585 28436 0.0002
2026-09-23 22:59:38 mt pgo seed 3039: 7.4051 30.1037 28436 0.0002
2026-09-23 23:00:08 mt partial seed 3039: 7.4513 30.3487 28436 0.0002
2026-09-23 23:00:38 mt pgo seed 3040: 7.3239 29.8500 28006 0.0002
2026-09-23 23:01:08 mt partial seed 3040: 7.4294 30.3076 28006 0.0002
2026-09-23 23:01:38 mt base seed 3040: 7.1162 29.5994 28006 0.0002
2026-09-23 23:01:38 done mt
2026-09-23 23:01:38 start st
2026-09-23 23:01:43 st pgo seed 4001: 3.6043 4.5822 3622 NA
2026-09-23 23:01:47 st partial seed 4001: 3.7055 4.6816 3622 NA
2026-09-23 23:01:51 st base seed 4001: 3.2187 4.1814 3622 NA
2026-09-23 23:01:56 st partial seed 4002: 3.5916 4.5735 3601 NA
2026-09-23 23:02:00 st base seed 4002: 3.1490 4.1138 3601 NA
2026-09-23 23:02:05 st pgo seed 4002: 3.5740 4.5449 3601 NA
2026-09-23 23:02:09 st base seed 4003: 2.9673 3.8831 3478 NA
2026-09-23 23:02:13 st pgo seed 4003: 3.3964 4.3239 3478 NA
2026-09-23 23:02:17 st partial seed 4003: 3.4080 4.3391 3478 NA
2026-09-23 23:02:22 st pgo seed 4004: 3.4643 4.3979 3511 NA
2026-09-23 23:02:26 st partial seed 4004: 3.4581 4.3960 3511 NA
2026-09-23 23:02:30 st base seed 4004: 2.9991 3.9006 3511 NA
2026-09-23 23:02:35 st partial seed 4005: 3.6428 4.6251 3714 NA
2026-09-23 23:02:39 st base seed 4005: 3.1333 4.0764 3714 NA
2026-09-23 23:02:44 st pgo seed 4005: 3.6300 4.6024 3714 NA
2026-09-23 23:02:48 st base seed 4006: 3.1081 4.0281 3613 NA
2026-09-23 23:02:52 st pgo seed 4006: 3.5903 4.5361 3613 NA
2026-09-23 23:02:57 st partial seed 4006: 3.4984 4.4449 3613 NA
2026-09-23 23:03:01 st pgo seed 4007: 3.4880 4.4255 3604 NA
2026-09-23 23:03:06 st partial seed 4007: 3.4715 4.4078 3604 NA
2026-09-23 23:03:09 st base seed 4007: 2.9816 3.8936 3604 NA
2026-09-23 23:03:14 st partial seed 4008: 3.3677 4.2739 3525 NA
2026-09-23 23:03:18 st base seed 4008: 2.9002 3.7862 3525 NA
2026-09-23 23:03:22 st pgo seed 4008: 3.3924 4.2967 3525 NA
2026-09-23 23:03:26 st base seed 4009: 2.8954 3.7871 3558 NA
2026-09-23 23:03:30 st pgo seed 4009: 3.3712 4.2756 3558 NA
2026-09-23 23:03:34 st partial seed 4009: 3.3532 4.2580 3558 NA
2026-09-23 23:03:39 st pgo seed 4010: 3.5584 4.5053 3752 NA
2026-09-23 23:03:43 st partial seed 4010: 3.5389 4.4886 3752 NA
2026-09-23 23:03:47 st base seed 4010: 3.1180 4.0564 3752 NA
2026-09-23 23:03:52 st partial seed 4011: 3.5454 4.4553 3579 NA
2026-09-23 23:03:56 st base seed 4011: 2.9444 3.8447 3579 NA
2026-09-23 23:04:00 st pgo seed 4011: 3.4006 4.3073 3579 NA
2026-09-23 23:04:04 st base seed 4012: 2.9072 3.8089 3587 NA
2026-09-23 23:04:08 st pgo seed 4012: 3.3364 4.2422 3587 NA
2026-09-23 23:04:12 st partial seed 4012: 3.3497 4.2603 3587 NA
2026-09-23 23:04:17 st pgo seed 4013: 3.4521 4.3790 3663 NA
2026-09-23 23:04:21 st partial seed 4013: 3.4817 4.4131 3663 NA
2026-09-23 23:04:25 st base seed 4013: 3.0269 3.9509 3663 NA
2026-09-23 23:04:30 st partial seed 4014: 3.3610 4.2715 3583 NA
2026-09-23 23:04:33 st base seed 4014: 2.9289 3.8295 3583 NA
2026-09-23 23:04:38 st pgo seed 4014: 3.3443 4.2484 3583 NA
2026-09-23 23:04:42 st base seed 4015: 3.0707 4.0019 3676 NA
2026-09-23 23:04:46 st pgo seed 4015: 3.4759 4.4096 3676 NA
2026-09-23 23:04:51 st partial seed 4015: 3.7186 4.6610 3676 NA
2026-09-23 23:04:55 st pgo seed 4016: 3.1499 4.0057 3421 NA
2026-09-23 23:04:59 st partial seed 4016: 3.1665 4.0268 3421 NA
2026-09-23 23:05:03 st base seed 4016: 2.7619 3.6147 3421 NA
2026-09-23 23:05:07 st partial seed 4017: 3.3868 4.3034 3633 NA
2026-09-23 23:05:11 st base seed 4017: 2.9532 3.8609 3633 NA
2026-09-23 23:05:15 st pgo seed 4017: 3.3604 4.2699 3633 NA
2026-09-23 23:05:19 st base seed 4018: 2.9261 3.8234 3573 NA
2026-09-23 23:05:23 st pgo seed 4018: 3.3235 4.2215 3573 NA
2026-09-23 23:05:27 st partial seed 4018: 3.3164 4.2203 3573 NA
2026-09-23 23:05:32 st pgo seed 4019: 3.4179 4.3382 3660 NA
2026-09-23 23:05:36 st partial seed 4019: 3.4353 4.3627 3660 NA
2026-09-23 23:05:40 st base seed 4019: 3.0037 3.9235 3660 NA
2026-09-23 23:05:44 st partial seed 4020: 3.3084 4.2099 3569 NA
2026-09-23 23:05:48 st base seed 4020: 2.9258 3.8212 3569 NA
2026-09-23 23:05:53 st pgo seed 4020: 3.4746 4.3702 3569 NA
2026-09-23 23:05:56 st base seed 4021: 2.8571 3.7402 3558 NA
2026-09-23 23:06:01 st pgo seed 4021: 3.2620 4.1452 3558 NA
2026-09-23 23:06:05 st partial seed 4021: 3.2746 4.1650 3558 NA
2026-09-23 23:06:09 st pgo seed 4022: 3.1322 3.9895 3428 NA
2026-09-23 23:06:13 st partial seed 4022: 3.1484 4.0114 3428 NA
2026-09-23 23:06:16 st base seed 4022: 2.7521 3.6089 3428 NA
2026-09-23 23:06:21 st partial seed 4023: 3.5382 4.4878 3758 NA
2026-09-23 23:06:25 st base seed 4023: 3.0774 4.0202 3758 NA
2026-09-23 23:06:29 st pgo seed 4023: 3.5096 4.4525 3758 NA
2026-09-23 23:06:33 st base seed 4024: 2.8357 3.7177 3548 NA
2026-09-23 23:06:37 st pgo seed 4024: 3.2319 4.1137 3548 NA
2026-09-23 23:06:42 st partial seed 4024: 3.2539 4.1422 3548 NA
2026-09-23 23:06:46 st pgo seed 4025: 3.3929 4.3119 3662 NA
2026-09-23 23:06:50 st partial seed 4025: 3.6314 4.5582 3662 NA
2026-09-23 23:06:54 st base seed 4025: 2.9892 3.9100 3662 NA
2026-09-23 23:06:59 st partial seed 4026: 3.3378 4.2413 3588 NA
2026-09-23 23:07:02 st base seed 4026: 2.9291 3.8259 3588 NA
2026-09-23 23:07:07 st pgo seed 4026: 3.3224 4.2193 3588 NA
2026-09-23 23:07:11 st base seed 4027: 2.9694 3.8769 3643 NA
2026-09-23 23:07:15 st pgo seed 4027: 3.3693 4.2750 3643 NA
2026-09-23 23:07:19 st partial seed 4027: 3.4018 4.3161 3643 NA
2026-09-23 23:07:24 st pgo seed 4028: 3.5025 4.4417 3739 NA
2026-09-23 23:07:28 st partial seed 4028: 3.5218 4.4688 3739 NA
2026-09-23 23:07:32 st base seed 4028: 3.0894 4.0302 3739 NA
2026-09-23 23:07:37 st partial seed 4029: 3.3927 4.3145 3636 NA
2026-09-23 23:07:41 st base seed 4029: 2.9695 3.8845 3636 NA
2026-09-23 23:07:45 st pgo seed 4029: 3.3677 4.2821 3636 NA
2026-09-23 23:07:49 st base seed 4030: 2.9369 3.8361 3616 NA
2026-09-23 23:07:53 st pgo seed 4030: 3.5577 4.4568 3616 NA
2026-09-23 23:07:57 st partial seed 4030: 3.3368 4.2417 3616 NA
2026-09-23 23:08:02 st pgo seed 4031: 3.3933 4.3123 3667 NA
2026-09-23 23:08:06 st partial seed 4031: 3.4033 4.3279 3667 NA
2026-09-23 23:08:10 st base seed 4031: 2.9925 3.9134 3667 NA
2026-09-23 23:08:15 st partial seed 4032: 3.4647 4.3976 3684 NA
2026-09-23 23:08:19 st base seed 4032: 3.0591 3.9861 3684 NA
2026-09-23 23:08:23 st pgo seed 4032: 3.4514 4.3771 3684 NA
2026-09-23 23:08:27 st base seed 4033: 2.9576 3.8638 3629 NA
2026-09-23 23:08:31 st pgo seed 4033: 3.3528 4.2576 3629 NA
2026-09-23 23:08:35 st partial seed 4033: 3.3648 4.2767 3629 NA
2026-09-23 23:08:40 st pgo seed 4034: 3.4637 4.3972 3761 NA
2026-09-23 23:08:44 st partial seed 4034: 3.4782 4.4181 3761 NA
2026-09-23 23:08:48 st base seed 4034: 3.0633 3.9972 3761 NA
2026-09-23 23:08:53 st partial seed 4035: 3.5584 4.4659 3595 NA
2026-09-23 23:08:57 st base seed 4035: 2.9158 3.8158 3595 NA
2026-09-23 23:09:01 st pgo seed 4035: 3.3195 4.2186 3595 NA
2026-09-23 23:09:05 st base seed 4036: 3.1564 4.1163 3797 NA
2026-09-23 23:09:10 st pgo seed 4036: 3.5771 4.5351 3797 NA
2026-09-23 23:09:14 st partial seed 4036: 3.5877 4.5531 3797 NA
2026-09-23 23:09:18 st pgo seed 4037: 3.0879 3.9334 3387 NA
2026-09-23 23:09:22 st partial seed 4037: 3.1181 3.9702 3387 NA
2026-09-23 23:09:26 st base seed 4037: 2.7152 3.5609 3387 NA
2026-09-23 23:09:30 st partial seed 4038: 3.4203 4.3406 3602 NA
2026-09-23 23:09:34 st base seed 4038: 2.9977 3.9110 3602 NA
2026-09-23 23:09:38 st pgo seed 4038: 3.3931 4.3054 3602 NA
2026-09-23 23:09:42 st base seed 4039: 3.0571 3.9884 3720 NA
2026-09-23 23:09:47 st pgo seed 4039: 3.4514 4.3814 3720 NA
2026-09-23 23:09:51 st partial seed 4039: 3.5904 4.5279 3720 NA
2026-09-23 23:09:56 st pgo seed 4040: 3.3561 4.2436 3595 NA
2026-09-23 23:10:00 st partial seed 4040: 3.3003 4.1935 3595 NA
2026-09-23 23:10:04 st base seed 4040: 2.8938 3.7817 3595 NA
2026-09-23 23:10:04 done st
2026-09-23 23:10:04 start analyze
2026-09-23 23:10:04 done analyze
2026-09-23 23:10:04 pgo_experiment finished
